Archive member included to satisfy reference by file (symbol)

/usr/lib/gcc/arm-none-eabi/10.3.1/libgcc.a(_udivsi3.o)
                              build/stdio.o (__aeabi_uidiv)
/usr/lib/gcc/arm-none-eabi/10.3.1/libgcc.a(_dvmd_tls.o)
                              /usr/lib/gcc/arm-none-eabi/10.3.1/libgcc.a(_udivsi3.o) (__aeabi_idiv0)

Memory Configuration

Name             Origin             Length             Attributes
*default*        0x0000000000000000 0xffffffffffffffff

Linker script and memory map

LOAD build/Entry.os
LOAD build/Handler.o
LOAD build/Main.o
LOAD build/Interrupt.o
LOAD build/Regs.o
LOAD build/Timer.o
LOAD build/Uart.o
LOAD build/armcpu.o
LOAD build/stdio.o
LOAD build/stdlib.o
LOAD /usr/lib/gcc/arm-none-eabi/10.3.1/libgcc.a
                0x0000000000000000                . = 0x0

.text           0x0000000000000000     0x1038
 *(vector_start)
 *(.text .rodata)
 .text          0x0000000000000000       0xd4 build/Entry.os
                0x0000000000000000                vector_start
                0x000000000000003c                vector_end
 .text          0x00000000000000d4       0x24 build/Handler.o
                0x00000000000000d4                Irq_Handler
                0x00000000000000f0                Fiq_Handler
 .text          0x00000000000000f8      0x164 build/Main.o
                0x00000000000000f8                main
 .rodata        0x000000000000025c       0xc0 build/Main.o
 .text          0x000000000000031c      0x2f8 build/Interrupt.o
                0x000000000000031c                Hal_interrupt_init
                0x00000000000003b8                Hal_interrupt_enable
                0x0000000000000484                Hal_interrupt_disable
                0x0000000000000558                Hal_interrupt_register_handler
                0x0000000000000590                Hal_interrupt_run_handler
 .text          0x0000000000000614        0x0 build/Regs.o
 .text          0x0000000000000614      0x210 build/Timer.o
                0x0000000000000614                Hal_timer_init
                0x00000000000007b8                Hal_timer_get_1ms_counter
 .text          0x0000000000000824      0x1b4 build/Uart.o
                0x0000000000000824                Hal_uart_init
                0x00000000000008c4                Hal_uart_put_char
                0x0000000000000920                Hal_uart_get_char
 .text          0x00000000000009d8       0xb0 build/armcpu.o
                0x00000000000009d8                enable_irq
                0x0000000000000a04                enable_fiq
                0x0000000000000a30                disable_irq
                0x0000000000000a5c                disable_fiq
 .text          0x0000000000000a88      0x444 build/stdio.o
                0x0000000000000a88                putstr
                0x0000000000000ae8                debug_printf
                0x0000000000000b38                vsprintf
                0x0000000000000db8                utoa
 .rodata        0x0000000000000ecc        0x7 build/stdio.o
 *fill*         0x0000000000000ed3        0x1 
 .text          0x0000000000000ed4       0x4c build/stdlib.o
                0x0000000000000ed4                delay
 .text          0x0000000000000f20      0x114 /usr/lib/gcc/arm-none-eabi/10.3.1/libgcc.a(_udivsi3.o)
                0x0000000000000f20                __udivsi3
                0x0000000000000f20                __aeabi_uidiv
                0x0000000000001014                __aeabi_uidivmod
 .text          0x0000000000001034        0x4 /usr/lib/gcc/arm-none-eabi/10.3.1/libgcc.a(_dvmd_tls.o)
                0x0000000000001034                __aeabi_ldiv0
                0x0000000000001034                __aeabi_idiv0

.glue_7         0x0000000000001038        0x0
 .glue_7        0x0000000000001038        0x0 linker stubs

.glue_7t        0x0000000000001038        0x0
 .glue_7t       0x0000000000001038        0x0 linker stubs

.vfp11_veneer   0x0000000000001038        0x0
 .vfp11_veneer  0x0000000000001038        0x0 linker stubs

.v4_bx          0x0000000000001038        0x0
 .v4_bx         0x0000000000001038        0x0 linker stubs

.iplt           0x0000000000001038        0x0
 .iplt          0x0000000000001038        0x0 build/Entry.os

.rel.dyn        0x0000000000001038        0x0
 .rel.iplt      0x0000000000001038        0x0 build/Entry.os

.data           0x0000000000001038       0x10
 *(.data)
 .data          0x0000000000001038        0x0 build/Entry.os
 .data          0x0000000000001038        0x0 build/Handler.o
 .data          0x0000000000001038        0x0 build/Main.o
 .data          0x0000000000001038        0x0 build/Interrupt.o
 .data          0x0000000000001038       0x10 build/Regs.o
                0x0000000000001038                Uart
                0x000000000000103c                GicCpu
                0x0000000000001040                GicDist
                0x0000000000001044                Timer
 .data          0x0000000000001048        0x0 build/Timer.o
 .data          0x0000000000001048        0x0 build/Uart.o
 .data          0x0000000000001048        0x0 build/armcpu.o
 .data          0x0000000000001048        0x0 build/stdio.o
 .data          0x0000000000001048        0x0 build/stdlib.o
 .data          0x0000000000001048        0x0 /usr/lib/gcc/arm-none-eabi/10.3.1/libgcc.a(_udivsi3.o)
 .data          0x0000000000001048        0x0 /usr/lib/gcc/arm-none-eabi/10.3.1/libgcc.a(_dvmd_tls.o)

.igot.plt       0x0000000000001048        0x0
 .igot.plt      0x0000000000001048        0x0 build/Entry.os

.bss            0x0000000000001048      0x800
 *(.bss)
 .bss           0x0000000000001048        0x0 build/Entry.os
 .bss           0x0000000000001048        0x0 build/Handler.o
 .bss           0x0000000000001048        0x0 build/Main.o
 .bss           0x0000000000001048      0x3fc build/Interrupt.o
 .bss           0x0000000000001444        0x0 build/Regs.o
 .bss           0x0000000000001444        0x4 build/Timer.o
 .bss           0x0000000000001448        0x0 build/Uart.o
 .bss           0x0000000000001448        0x0 build/armcpu.o
 .bss           0x0000000000001448      0x400 build/stdio.o
 .bss           0x0000000000001848        0x0 build/stdlib.o
 .bss           0x0000000000001848        0x0 /usr/lib/gcc/arm-none-eabi/10.3.1/libgcc.a(_udivsi3.o)
 .bss           0x0000000000001848        0x0 /usr/lib/gcc/arm-none-eabi/10.3.1/libgcc.a(_dvmd_tls.o)
OUTPUT(build/navilos.axf elf32-littlearm)
LOAD linker stubs

.ARM.attributes
                0x0000000000000000       0x2b
 .ARM.attributes
                0x0000000000000000       0x1d build/Entry.os
 .ARM.attributes
                0x000000000000001d       0x2f build/Handler.o
 .ARM.attributes
                0x000000000000004c       0x2f build/Main.o
 .ARM.attributes
                0x000000000000007b       0x2f build/Interrupt.o
 .ARM.attributes
                0x00000000000000aa       0x2f build/Regs.o
 .ARM.attributes
                0x00000000000000d9       0x2f build/Timer.o
 .ARM.attributes
                0x0000000000000108       0x2f build/Uart.o
 .ARM.attributes
                0x0000000000000137       0x2f build/armcpu.o
 .ARM.attributes
                0x0000000000000166       0x2f build/stdio.o
 .ARM.attributes
                0x0000000000000195       0x2f build/stdlib.o
 .ARM.attributes
                0x00000000000001c4       0x1c /usr/lib/gcc/arm-none-eabi/10.3.1/libgcc.a(_udivsi3.o)
 .ARM.attributes
                0x00000000000001e0       0x1c /usr/lib/gcc/arm-none-eabi/10.3.1/libgcc.a(_dvmd_tls.o)

.comment        0x0000000000000000       0x33
 .comment       0x0000000000000000       0x33 build/Handler.o
                                         0x34 (size before relaxing)
 .comment       0x0000000000000033       0x34 build/Main.o
 .comment       0x0000000000000033       0x34 build/Interrupt.o
 .comment       0x0000000000000033       0x34 build/Regs.o
 .comment       0x0000000000000033       0x34 build/Timer.o
 .comment       0x0000000000000033       0x34 build/Uart.o
 .comment       0x0000000000000033       0x34 build/armcpu.o
 .comment       0x0000000000000033       0x34 build/stdio.o
 .comment       0x0000000000000033       0x34 build/stdlib.o

.debug_line     0x0000000000000000      0x7bc
 .debug_line    0x0000000000000000       0x6d build/Entry.os
 .debug_line    0x000000000000006d       0x4c build/Handler.o
 .debug_line    0x00000000000000b9       0xa4 build/Main.o
 .debug_line    0x000000000000015d      0x11e build/Interrupt.o
 .debug_line    0x000000000000027b       0x68 build/Regs.o
 .debug_line    0x00000000000002e3       0xdc build/Timer.o
 .debug_line    0x00000000000003bf       0xe7 build/Uart.o
 .debug_line    0x00000000000004a6       0x67 build/armcpu.o
 .debug_line    0x000000000000050d      0x17a build/stdio.o
 .debug_line    0x0000000000000687       0x6a build/stdlib.o
 .debug_line    0x00000000000006f1       0x74 /usr/lib/gcc/arm-none-eabi/10.3.1/libgcc.a(_udivsi3.o)
 .debug_line    0x0000000000000765       0x57 /usr/lib/gcc/arm-none-eabi/10.3.1/libgcc.a(_dvmd_tls.o)

.debug_info     0x0000000000000000     0x2d2b
 .debug_info    0x0000000000000000       0x26 build/Entry.os
 .debug_info    0x0000000000000026       0x82 build/Handler.o
 .debug_info    0x00000000000000a8      0x112 build/Main.o
 .debug_info    0x00000000000001ba      0x691 build/Interrupt.o
 .debug_info    0x000000000000084b     0x124d build/Regs.o
 .debug_info    0x0000000000001a98      0x2c6 build/Timer.o
 .debug_info    0x0000000000001d5e      0xbcc build/Uart.o
 .debug_info    0x000000000000292a       0x6e build/armcpu.o
 .debug_info    0x0000000000002998      0x2ad build/stdio.o
 .debug_info    0x0000000000002c45       0x9a build/stdlib.o
 .debug_info    0x0000000000002cdf       0x26 /usr/lib/gcc/arm-none-eabi/10.3.1/libgcc.a(_udivsi3.o)
 .debug_info    0x0000000000002d05       0x26 /usr/lib/gcc/arm-none-eabi/10.3.1/libgcc.a(_dvmd_tls.o)

.debug_abbrev   0x0000000000000000      0x8a3
 .debug_abbrev  0x0000000000000000       0x14 build/Entry.os
 .debug_abbrev  0x0000000000000014       0x5e build/Handler.o
 .debug_abbrev  0x0000000000000072       0xb0 build/Main.o
 .debug_abbrev  0x0000000000000122      0x19c build/Interrupt.o
 .debug_abbrev  0x00000000000002be      0x11a build/Regs.o
 .debug_abbrev  0x00000000000003d8      0x132 build/Timer.o
 .debug_abbrev  0x000000000000050a      0x19d build/Uart.o
 .debug_abbrev  0x00000000000006a7       0x2e build/armcpu.o
 .debug_abbrev  0x00000000000006d5      0x131 build/stdio.o
 .debug_abbrev  0x0000000000000806       0x75 build/stdlib.o
 .debug_abbrev  0x000000000000087b       0x14 /usr/lib/gcc/arm-none-eabi/10.3.1/libgcc.a(_udivsi3.o)
 .debug_abbrev  0x000000000000088f       0x14 /usr/lib/gcc/arm-none-eabi/10.3.1/libgcc.a(_dvmd_tls.o)

.debug_aranges  0x0000000000000000      0x178
 .debug_aranges
                0x0000000000000000       0x20 build/Entry.os
 .debug_aranges
                0x0000000000000020       0x20 build/Handler.o
 .debug_aranges
                0x0000000000000040       0x20 build/Main.o
 .debug_aranges
                0x0000000000000060       0x20 build/Interrupt.o
 .debug_aranges
                0x0000000000000080       0x18 build/Regs.o
 .debug_aranges
                0x0000000000000098       0x20 build/Timer.o
 .debug_aranges
                0x00000000000000b8       0x20 build/Uart.o
 .debug_aranges
                0x00000000000000d8       0x20 build/armcpu.o
 .debug_aranges
                0x00000000000000f8       0x20 build/stdio.o
 .debug_aranges
                0x0000000000000118       0x20 build/stdlib.o
 .debug_aranges
                0x0000000000000138       0x20 /usr/lib/gcc/arm-none-eabi/10.3.1/libgcc.a(_udivsi3.o)
 .debug_aranges
                0x0000000000000158       0x20 /usr/lib/gcc/arm-none-eabi/10.3.1/libgcc.a(_dvmd_tls.o)

.debug_str      0x0000000000000000      0x9e2
 .debug_str     0x0000000000000000       0x34 build/Entry.os
 .debug_str     0x0000000000000034       0xed build/Handler.o
                                        0x121 (size before relaxing)
 .debug_str     0x0000000000000121       0x4a build/Main.o
                                        0x149 (size before relaxing)
 .debug_str     0x000000000000016b      0x2b3 build/Interrupt.o
                                        0x3c5 (size before relaxing)
 .debug_str     0x000000000000041e      0x3b4 build/Regs.o
                                        0x6b6 (size before relaxing)
 .debug_str     0x00000000000007d2       0x6a build/Timer.o
                                        0x263 (size before relaxing)
 .debug_str     0x000000000000083c       0x4f build/Uart.o
                                        0x456 (size before relaxing)
 .debug_str     0x000000000000088b       0x3b build/armcpu.o
                                         0xcc (size before relaxing)
 .debug_str     0x00000000000008c6       0x77 build/stdio.o
                                        0x18f (size before relaxing)
 .debug_str     0x000000000000093d       0x18 build/stdlib.o
                                        0x11b (size before relaxing)
 .debug_str     0x0000000000000955       0x8d /usr/lib/gcc/arm-none-eabi/10.3.1/libgcc.a(_udivsi3.o)
 .debug_str     0x00000000000009e2       0x8d /usr/lib/gcc/arm-none-eabi/10.3.1/libgcc.a(_dvmd_tls.o)

.debug_frame    0x0000000000000000      0x40c
 .debug_frame   0x0000000000000000       0x50 build/Handler.o
 .debug_frame   0x0000000000000050       0x84 build/Main.o
 .debug_frame   0x00000000000000d4       0xb0 build/Interrupt.o
 .debug_frame   0x0000000000000184       0x70 build/Timer.o
 .debug_frame   0x00000000000001f4       0x8c build/Uart.o
 .debug_frame   0x0000000000000280       0x90 build/armcpu.o
 .debug_frame   0x0000000000000310       0xac build/stdio.o
 .debug_frame   0x00000000000003bc       0x30 build/stdlib.o
 .debug_frame   0x00000000000003ec       0x20 /usr/lib/gcc/arm-none-eabi/10.3.1/libgcc.a(_udivsi3.o)
