Archive member included to satisfy reference by file (symbol)

/usr/lib/gcc/arm-none-eabi/10.3.1/libgcc.a(_udivsi3.o)
                              build/stdio.o (__aeabi_uidiv)
/usr/lib/gcc/arm-none-eabi/10.3.1/libgcc.a(_dvmd_tls.o)
                              /usr/lib/gcc/arm-none-eabi/10.3.1/libgcc.a(_udivsi3.o) (__aeabi_idiv0)

Memory Configuration

Name             Origin             Length             Attributes
*default*        0x0000000000000000 0xffffffffffffffff

Linker script and memory map

LOAD build/Entry.os
LOAD build/Handler.o
LOAD build/main.o
LOAD build/Interrupt.o
LOAD build/Regs.o
LOAD build/Timer.o
LOAD build/Uart.o
LOAD build/armcpu.o
LOAD build/stdio.o
LOAD build/stdlib.o
LOAD build/utils.o
LOAD build/Kernel.o
LOAD build/event.o
LOAD build/msg.o
LOAD build/task.o
LOAD /usr/lib/gcc/arm-none-eabi/10.3.1/libgcc.a
                0x0000000000000000                . = 0x0

.text           0x0000000000000000     0x1f10
 *(vector_start)
 *(.text .rodata)
 .text          0x0000000000000000       0xd4 build/Entry.os
                0x0000000000000000                vector_start
                0x000000000000003c                vector_end
 .text          0x00000000000000d4       0x24 build/Handler.o
                0x00000000000000d4                Irq_Handler
                0x00000000000000f0                Fiq_Handler
 .text          0x00000000000000f8      0x494 build/main.o
                0x00000000000000f8                main
                0x0000000000000334                User_task0
                0x000000000000049c                User_task1
                0x000000000000055c                User_task2
 .rodata        0x000000000000058c      0x176 build/main.o
 *fill*         0x0000000000000702        0x2 
 .text          0x0000000000000704      0x2f8 build/Interrupt.o
                0x0000000000000704                Hal_interrupt_init
                0x00000000000007a0                Hal_interrupt_enable
                0x000000000000086c                Hal_interrupt_disable
                0x0000000000000940                Hal_interrupt_register_handler
                0x0000000000000978                Hal_interrupt_run_handler
 .text          0x00000000000009fc        0x0 build/Regs.o
 .text          0x00000000000009fc      0x210 build/Timer.o
                0x00000000000009fc                Hal_timer_init
                0x0000000000000ba0                Hal_timer_get_1ms_counter
 .text          0x0000000000000c0c      0x1d0 build/Uart.o
                0x0000000000000c0c                Hal_uart_init
                0x0000000000000cac                Hal_uart_put_char
                0x0000000000000d08                Hal_uart_get_char
 .text          0x0000000000000ddc       0xb0 build/armcpu.o
                0x0000000000000ddc                enable_irq
                0x0000000000000e08                enable_fiq
                0x0000000000000e34                disable_irq
                0x0000000000000e60                disable_fiq
 .text          0x0000000000000e8c      0x454 build/stdio.o
                0x0000000000000e8c                putstr
                0x0000000000000eec                debug_printf
                0x0000000000000f3c                vsprintf
                0x00000000000011bc                utoa
 .rodata        0x00000000000012e0        0x7 build/stdio.o
 *fill*         0x00000000000012e7        0x1 
 .text          0x00000000000012e8       0x4c build/stdlib.o
                0x00000000000012e8                delay
 .text          0x0000000000001334       0x5c build/utils.o
                0x0000000000001334                memclr
 .text          0x0000000000001390      0x2b8 build/Kernel.o
                0x0000000000001390                Kernel_start
                0x00000000000013a4                Kernel_yield
                0x00000000000013b8                Kernel_send_events
                0x0000000000001440                Kernel_wait_events
                0x00000000000014dc                Kernel_send_msg
                0x00000000000015b4                Kernel_recv_msg
 .text          0x0000000000001648       0xf8 build/event.o
                0x0000000000001648                Kernel_event_flag_init
                0x0000000000001670                Kernel_event_flag_set
                0x00000000000016b0                Kernel_event_flag_clear
                0x00000000000016f4                Kernel_event_flag_check
 .text          0x0000000000001740      0x3b0 build/msg.o
                0x0000000000001740                Kernel_msgQ_init
                0x00000000000017a8                Kernel_msgQ_is_empty
                0x0000000000001830                Kernel_msgQ_is_full
                0x00000000000018c0                Kernel_msgQ_enqueue
                0x00000000000019e4                Kernel_msgQ_dequeue
 .text          0x0000000000001af0      0x308 build/task.o
                0x0000000000001af0                Kernel_task_init
                0x0000000000001bfc                Kernel_task_start
                0x0000000000001c38                Kernel_task_create
                0x0000000000001ccc                Kernel_task_scheduler
                0x0000000000001d24                Kernel_task_context_switching
 .text          0x0000000000001df8      0x114 /usr/lib/gcc/arm-none-eabi/10.3.1/libgcc.a(_udivsi3.o)
                0x0000000000001df8                __udivsi3
                0x0000000000001df8                __aeabi_uidiv
                0x0000000000001eec                __aeabi_uidivmod
 .text          0x0000000000001f0c        0x4 /usr/lib/gcc/arm-none-eabi/10.3.1/libgcc.a(_dvmd_tls.o)
                0x0000000000001f0c                __aeabi_ldiv0
                0x0000000000001f0c                __aeabi_idiv0

.glue_7         0x0000000000001f10        0x0
 .glue_7        0x0000000000001f10        0x0 linker stubs

.glue_7t        0x0000000000001f10        0x0
 .glue_7t       0x0000000000001f10        0x0 linker stubs

.vfp11_veneer   0x0000000000001f10        0x0
 .vfp11_veneer  0x0000000000001f10        0x0 linker stubs

.v4_bx          0x0000000000001f10        0x0
 .v4_bx         0x0000000000001f10        0x0 linker stubs

.iplt           0x0000000000001f10        0x0
 .iplt          0x0000000000001f10        0x0 build/Entry.os

.rel.dyn        0x0000000000001f10        0x0
 .rel.iplt      0x0000000000001f10        0x0 build/Entry.os

.data           0x0000000000001f10       0x10
 *(.data)
 .data          0x0000000000001f10        0x0 build/Entry.os
 .data          0x0000000000001f10        0x0 build/Handler.o
 .data          0x0000000000001f10        0x0 build/main.o
 .data          0x0000000000001f10        0x0 build/Interrupt.o
 .data          0x0000000000001f10       0x10 build/Regs.o
                0x0000000000001f10                Uart
                0x0000000000001f14                GicCpu
                0x0000000000001f18                GicDist
                0x0000000000001f1c                Timer
 .data          0x0000000000001f20        0x0 build/Timer.o
 .data          0x0000000000001f20        0x0 build/Uart.o
 .data          0x0000000000001f20        0x0 build/armcpu.o
 .data          0x0000000000001f20        0x0 build/stdio.o
 .data          0x0000000000001f20        0x0 build/stdlib.o
 .data          0x0000000000001f20        0x0 build/utils.o
 .data          0x0000000000001f20        0x0 build/Kernel.o
 .data          0x0000000000001f20        0x0 build/event.o
 .data          0x0000000000001f20        0x0 build/msg.o
 .data          0x0000000000001f20        0x0 build/task.o
 .data          0x0000000000001f20        0x0 /usr/lib/gcc/arm-none-eabi/10.3.1/libgcc.a(_udivsi3.o)
 .data          0x0000000000001f20        0x0 /usr/lib/gcc/arm-none-eabi/10.3.1/libgcc.a(_dvmd_tls.o)

.igot.plt       0x0000000000001f20        0x0
 .igot.plt      0x0000000000001f20        0x0 build/Entry.os

.bss            0x0000000000001f20     0x102c
 *(.bss)
 .bss           0x0000000000001f20        0x0 build/Entry.os
 .bss           0x0000000000001f20        0x0 build/Handler.o
 .bss           0x0000000000001f20        0x0 build/main.o
 .bss           0x0000000000001f20      0x3fc build/Interrupt.o
 .bss           0x000000000000231c        0x0 build/Regs.o
 .bss           0x000000000000231c        0x4 build/Timer.o
 .bss           0x0000000000002320        0x0 build/Uart.o
 .bss           0x0000000000002320        0x0 build/armcpu.o
 .bss           0x0000000000002320      0x400 build/stdio.o
 .bss           0x0000000000002720        0x0 build/stdlib.o
 .bss           0x0000000000002720        0x0 build/utils.o
 .bss           0x0000000000002720        0x0 build/Kernel.o
 .bss           0x0000000000002720        0x4 build/event.o
 .bss           0x0000000000002724      0x618 build/msg.o
                0x0000000000002724                sMsgQ
 .bss           0x0000000000002d3c      0x210 build/task.o
 .bss           0x0000000000002f4c        0x0 /usr/lib/gcc/arm-none-eabi/10.3.1/libgcc.a(_udivsi3.o)
 .bss           0x0000000000002f4c        0x0 /usr/lib/gcc/arm-none-eabi/10.3.1/libgcc.a(_dvmd_tls.o)
OUTPUT(build/navilos.axf elf32-littlearm)
LOAD linker stubs

.ARM.attributes
                0x0000000000000000       0x2b
 .ARM.attributes
                0x0000000000000000       0x1d build/Entry.os
 .ARM.attributes
                0x000000000000001d       0x2f build/Handler.o
 .ARM.attributes
                0x000000000000004c       0x2f build/main.o
 .ARM.attributes
                0x000000000000007b       0x2f build/Interrupt.o
 .ARM.attributes
                0x00000000000000aa       0x2f build/Regs.o
 .ARM.attributes
                0x00000000000000d9       0x2f build/Timer.o
 .ARM.attributes
                0x0000000000000108       0x2f build/Uart.o
 .ARM.attributes
                0x0000000000000137       0x2f build/armcpu.o
 .ARM.attributes
                0x0000000000000166       0x2f build/stdio.o
 .ARM.attributes
                0x0000000000000195       0x2f build/stdlib.o
 .ARM.attributes
                0x00000000000001c4       0x2f build/utils.o
 .ARM.attributes
                0x00000000000001f3       0x2f build/Kernel.o
 .ARM.attributes
                0x0000000000000222       0x2f build/event.o
 .ARM.attributes
                0x0000000000000251       0x2f build/msg.o
 .ARM.attributes
                0x0000000000000280       0x2f build/task.o
 .ARM.attributes
                0x00000000000002af       0x1c /usr/lib/gcc/arm-none-eabi/10.3.1/libgcc.a(_udivsi3.o)
 .ARM.attributes
                0x00000000000002cb       0x1c /usr/lib/gcc/arm-none-eabi/10.3.1/libgcc.a(_dvmd_tls.o)

.comment        0x0000000000000000       0x33
 .comment       0x0000000000000000       0x33 build/Handler.o
                                         0x34 (size before relaxing)
 .comment       0x0000000000000033       0x34 build/main.o
 .comment       0x0000000000000033       0x34 build/Interrupt.o
 .comment       0x0000000000000033       0x34 build/Regs.o
 .comment       0x0000000000000033       0x34 build/Timer.o
 .comment       0x0000000000000033       0x34 build/Uart.o
 .comment       0x0000000000000033       0x34 build/armcpu.o
 .comment       0x0000000000000033       0x34 build/stdio.o
 .comment       0x0000000000000033       0x34 build/stdlib.o
 .comment       0x0000000000000033       0x34 build/utils.o
 .comment       0x0000000000000033       0x34 build/Kernel.o
 .comment       0x0000000000000033       0x34 build/event.o
 .comment       0x0000000000000033       0x34 build/msg.o
 .comment       0x0000000000000033       0x34 build/task.o

.debug_line     0x0000000000000000      0xd56
 .debug_line    0x0000000000000000       0x6d build/Entry.os
 .debug_line    0x000000000000006d       0x4c build/Handler.o
 .debug_line    0x00000000000000b9      0x194 build/main.o
 .debug_line    0x000000000000024d      0x11e build/Interrupt.o
 .debug_line    0x000000000000036b       0x68 build/Regs.o
 .debug_line    0x00000000000003d3       0xdc build/Timer.o
 .debug_line    0x00000000000004af      0x107 build/Uart.o
 .debug_line    0x00000000000005b6       0x67 build/armcpu.o
 .debug_line    0x000000000000061d      0x17f build/stdio.o
 .debug_line    0x000000000000079c       0x6a build/stdlib.o
 .debug_line    0x0000000000000806       0x4e build/utils.o
 .debug_line    0x0000000000000854      0x160 build/Kernel.o
 .debug_line    0x00000000000009b4       0x89 build/event.o
 .debug_line    0x0000000000000a3d      0x107 build/msg.o
 .debug_line    0x0000000000000b44      0x147 build/task.o
 .debug_line    0x0000000000000c8b       0x74 /usr/lib/gcc/arm-none-eabi/10.3.1/libgcc.a(_udivsi3.o)
 .debug_line    0x0000000000000cff       0x57 /usr/lib/gcc/arm-none-eabi/10.3.1/libgcc.a(_dvmd_tls.o)

.debug_info     0x0000000000000000     0x3c8e
 .debug_info    0x0000000000000000       0x26 build/Entry.os
 .debug_info    0x0000000000000026       0x82 build/Handler.o
 .debug_info    0x00000000000000a8      0x3ed build/main.o
 .debug_info    0x0000000000000495      0x698 build/Interrupt.o
 .debug_info    0x0000000000000b2d     0x124d build/Regs.o
 .debug_info    0x0000000000001d7a      0x2c6 build/Timer.o
 .debug_info    0x0000000000002040      0xd08 build/Uart.o
 .debug_info    0x0000000000002d48       0x6e build/armcpu.o
 .debug_info    0x0000000000002db6      0x2c3 build/stdio.o
 .debug_info    0x0000000000003079       0x9a build/stdlib.o
 .debug_info    0x0000000000003113       0x7e build/utils.o
 .debug_info    0x0000000000003191      0x3b5 build/Kernel.o
 .debug_info    0x0000000000003546      0x22f build/event.o
 .debug_info    0x0000000000003775      0x23d build/msg.o
 .debug_info    0x00000000000039b2      0x290 build/task.o
 .debug_info    0x0000000000003c42       0x26 /usr/lib/gcc/arm-none-eabi/10.3.1/libgcc.a(_udivsi3.o)
 .debug_info    0x0000000000003c68       0x26 /usr/lib/gcc/arm-none-eabi/10.3.1/libgcc.a(_dvmd_tls.o)

.debug_abbrev   0x0000000000000000      0xe51
 .debug_abbrev  0x0000000000000000       0x14 build/Entry.os
 .debug_abbrev  0x0000000000000014       0x5e build/Handler.o
 .debug_abbrev  0x0000000000000072      0x12f build/main.o
 .debug_abbrev  0x00000000000001a1      0x19c build/Interrupt.o
 .debug_abbrev  0x000000000000033d      0x11a build/Regs.o
 .debug_abbrev  0x0000000000000457      0x132 build/Timer.o
 .debug_abbrev  0x0000000000000589      0x1cd build/Uart.o
 .debug_abbrev  0x0000000000000756       0x2e build/armcpu.o
 .debug_abbrev  0x0000000000000784      0x131 build/stdio.o
 .debug_abbrev  0x00000000000008b5       0x75 build/stdlib.o
 .debug_abbrev  0x000000000000092a       0x7e build/utils.o
 .debug_abbrev  0x00000000000009a8      0x109 build/Kernel.o
 .debug_abbrev  0x0000000000000ab1       0xdf build/event.o
 .debug_abbrev  0x0000000000000b90      0x131 build/msg.o
 .debug_abbrev  0x0000000000000cc1      0x168 build/task.o
 .debug_abbrev  0x0000000000000e29       0x14 /usr/lib/gcc/arm-none-eabi/10.3.1/libgcc.a(_udivsi3.o)
 .debug_abbrev  0x0000000000000e3d       0x14 /usr/lib/gcc/arm-none-eabi/10.3.1/libgcc.a(_dvmd_tls.o)

.debug_aranges  0x0000000000000000      0x218
 .debug_aranges
                0x0000000000000000       0x20 build/Entry.os
 .debug_aranges
                0x0000000000000020       0x20 build/Handler.o
 .debug_aranges
                0x0000000000000040       0x20 build/main.o
 .debug_aranges
                0x0000000000000060       0x20 build/Interrupt.o
 .debug_aranges
                0x0000000000000080       0x18 build/Regs.o
 .debug_aranges
                0x0000000000000098       0x20 build/Timer.o
 .debug_aranges
                0x00000000000000b8       0x20 build/Uart.o
 .debug_aranges
                0x00000000000000d8       0x20 build/armcpu.o
 .debug_aranges
                0x00000000000000f8       0x20 build/stdio.o
 .debug_aranges
                0x0000000000000118       0x20 build/stdlib.o
 .debug_aranges
                0x0000000000000138       0x20 build/utils.o
 .debug_aranges
                0x0000000000000158       0x20 build/Kernel.o
 .debug_aranges
                0x0000000000000178       0x20 build/event.o
 .debug_aranges
                0x0000000000000198       0x20 build/msg.o
 .debug_aranges
                0x00000000000001b8       0x20 build/task.o
 .debug_aranges
                0x00000000000001d8       0x20 /usr/lib/gcc/arm-none-eabi/10.3.1/libgcc.a(_udivsi3.o)
 .debug_aranges
                0x00000000000001f8       0x20 /usr/lib/gcc/arm-none-eabi/10.3.1/libgcc.a(_dvmd_tls.o)

.debug_str      0x0000000000000000     0x11ce
 .debug_str     0x0000000000000000       0x35 build/Entry.os
 .debug_str     0x0000000000000035       0xdb build/Handler.o
                                        0x110 (size before relaxing)
 .debug_str     0x0000000000000110      0x52b build/main.o
                                        0x5b5 (size before relaxing)
 .debug_str     0x000000000000063b      0x2b3 build/Interrupt.o
                                        0x3c0 (size before relaxing)
 .debug_str     0x00000000000008ee      0x3b4 build/Regs.o
                                        0x6a5 (size before relaxing)
 .debug_str     0x0000000000000ca2       0x6a build/Timer.o
                                        0x252 (size before relaxing)
 .debug_str     0x0000000000000d0c       0x42 build/Uart.o
                                        0x821 (size before relaxing)
 .debug_str     0x0000000000000d4e       0x3b build/armcpu.o
                                         0xbb (size before relaxing)
 .debug_str     0x0000000000000d89       0x7c build/stdio.o
                                        0x194 (size before relaxing)
 .debug_str     0x0000000000000e05       0x18 build/stdlib.o
                                        0x10a (size before relaxing)
 .debug_str     0x0000000000000e1d       0x11 build/utils.o
                                         0xc5 (size before relaxing)
 .debug_str     0x0000000000000e2e       0xbf build/Kernel.o
                                        0x5a3 (size before relaxing)
 .debug_str     0x0000000000000eed       0x60 build/event.o
                                        0x50e (size before relaxing)
 .debug_str     0x0000000000000f4d       0x93 build/msg.o
                                        0x208 (size before relaxing)
 .debug_str     0x0000000000000fe0      0x161 build/task.o
                                        0x26d (size before relaxing)
 .debug_str     0x0000000000001141       0x8d /usr/lib/gcc/arm-none-eabi/10.3.1/libgcc.a(_udivsi3.o)
 .debug_str     0x00000000000011ce       0x8d /usr/lib/gcc/arm-none-eabi/10.3.1/libgcc.a(_dvmd_tls.o)

.debug_frame    0x0000000000000000      0x790
 .debug_frame   0x0000000000000000       0x50 build/Handler.o
 .debug_frame   0x0000000000000050       0xfc build/main.o
 .debug_frame   0x000000000000014c       0xb0 build/Interrupt.o
 .debug_frame   0x00000000000001fc       0x70 build/Timer.o
 .debug_frame   0x000000000000026c       0x8c build/Uart.o
 .debug_frame   0x00000000000002f8       0x90 build/armcpu.o
 .debug_frame   0x0000000000000388       0xac build/stdio.o
 .debug_frame   0x0000000000000434       0x30 build/stdlib.o
 .debug_frame   0x0000000000000464       0x30 build/utils.o
 .debug_frame   0x0000000000000494       0xc8 build/Kernel.o
 .debug_frame   0x000000000000055c       0x90 build/event.o
 .debug_frame   0x00000000000005ec       0xb0 build/msg.o
 .debug_frame   0x000000000000069c       0xd4 build/task.o
 .debug_frame   0x0000000000000770       0x20 /usr/lib/gcc/arm-none-eabi/10.3.1/libgcc.a(_udivsi3.o)
