Archive member included to satisfy reference by file (symbol)

/usr/lib/gcc/arm-none-eabi/10.3.1/libgcc.a(_udivsi3.o)
                              build/stdio.o (__aeabi_uidiv)
/usr/lib/gcc/arm-none-eabi/10.3.1/libgcc.a(_dvmd_tls.o)
                              /usr/lib/gcc/arm-none-eabi/10.3.1/libgcc.a(_udivsi3.o) (__aeabi_idiv0)

Memory Configuration

Name             Origin             Length             Attributes
*default*        0x0000000000000000 0xffffffffffffffff

Linker script and memory map

LOAD build/Entry.os
LOAD build/Handler.o
LOAD build/Main.o
LOAD build/Interrupt.o
LOAD build/Regs.o
LOAD build/Timer.o
LOAD build/Uart.o
LOAD build/armcpu.o
LOAD build/stdio.o
LOAD build/stdlib.o
LOAD build/event.o
LOAD build/Kernel.o
LOAD build/msg.o
LOAD build/task.o
LOAD /usr/lib/gcc/arm-none-eabi/10.3.1/libgcc.a
                0x0000000000000000                . = 0x0

.text           0x0000000000000000     0x1f14
 *(vector_start)
 *(.text .rodata)
 .text          0x0000000000000000       0xd4 build/Entry.os
                0x0000000000000000                vector_start
                0x000000000000003c                vector_end
 .text          0x00000000000000d4       0x24 build/Handler.o
                0x00000000000000d4                Irq_Handler
                0x00000000000000f0                Fiq_Handler
 .text          0x00000000000000f8      0x444 build/Main.o
                0x00000000000000f8                main
                0x0000000000000334                User_task0
                0x000000000000044c                User_task1
                0x000000000000050c                User_task2
 .rodata        0x000000000000053c      0x176 build/Main.o
 *fill*         0x00000000000006b2        0x2 
 .text          0x00000000000006b4      0x2f8 build/Interrupt.o
                0x00000000000006b4                Hal_interrupt_init
                0x0000000000000750                Hal_interrupt_enable
                0x000000000000081c                Hal_interrupt_disable
                0x00000000000008f0                Hal_interrupt_register_handler
                0x0000000000000928                Hal_interrupt_run_handler
 .text          0x00000000000009ac        0x0 build/Regs.o
 .text          0x00000000000009ac      0x210 build/Timer.o
                0x00000000000009ac                Hal_timer_init
                0x0000000000000b50                Hal_timer_get_1ms_counter
 .text          0x0000000000000bbc      0x1d0 build/Uart.o
                0x0000000000000bbc                Hal_uart_init
                0x0000000000000c5c                Hal_uart_put_char
                0x0000000000000cb8                Hal_uart_get_char
 .text          0x0000000000000d8c       0xb0 build/armcpu.o
                0x0000000000000d8c                enable_irq
                0x0000000000000db8                enable_fiq
                0x0000000000000de4                disable_irq
                0x0000000000000e10                disable_fiq
 .text          0x0000000000000e3c      0x444 build/stdio.o
                0x0000000000000e3c                putstr
                0x0000000000000e9c                debug_printf
                0x0000000000000eec                vsprintf
                0x000000000000116c                utoa
 .rodata        0x0000000000001280        0x7 build/stdio.o
 *fill*         0x0000000000001287        0x1 
 .text          0x0000000000001288       0xa8 build/stdlib.o
                0x0000000000001288                delay
                0x00000000000012d4                memclr
 .text          0x0000000000001330       0xf8 build/event.o
                0x0000000000001330                Kernel_event_flag_init
                0x0000000000001358                Kernel_event_flag_set
                0x0000000000001398                Kernel_event_flag_clear
                0x00000000000013dc                Kernel_event_flag_check
 .text          0x0000000000001428      0x2b8 build/Kernel.o
                0x0000000000001428                Kernel_start
                0x000000000000143c                Kernel_yield
                0x0000000000001450                Kernel_send_events
                0x00000000000014d8                Kernel_wait_events
                0x0000000000001574                Kernel_send_msg
                0x000000000000164c                Kernel_recv_msg
 .text          0x00000000000016e0      0x41c build/msg.o
                0x00000000000016e0                Kernel_msgQ_init
                0x000000000000178c                Kernel_msgQ_is_empty
                0x0000000000001814                Kernel_msgQ_is_full
                0x00000000000018a4                Kernel_msgQ_enqueue
                0x00000000000019dc                Kernel_msgQ_dequeue
 .text          0x0000000000001afc      0x300 build/task.o
                0x0000000000001afc                Kernel_task_init
                0x0000000000001c08                Kernel_task_start
                0x0000000000001c44                Kernel_task_create
                0x0000000000001cd8                Kernel_task_scheduler
                0x0000000000001d28                Kernel_task_context_switching
 .text          0x0000000000001dfc      0x114 /usr/lib/gcc/arm-none-eabi/10.3.1/libgcc.a(_udivsi3.o)
                0x0000000000001dfc                __udivsi3
                0x0000000000001dfc                __aeabi_uidiv
                0x0000000000001ef0                __aeabi_uidivmod
 .text          0x0000000000001f10        0x4 /usr/lib/gcc/arm-none-eabi/10.3.1/libgcc.a(_dvmd_tls.o)
                0x0000000000001f10                __aeabi_ldiv0
                0x0000000000001f10                __aeabi_idiv0

.glue_7         0x0000000000001f14        0x0
 .glue_7        0x0000000000001f14        0x0 linker stubs

.glue_7t        0x0000000000001f14        0x0
 .glue_7t       0x0000000000001f14        0x0 linker stubs

.vfp11_veneer   0x0000000000001f14        0x0
 .vfp11_veneer  0x0000000000001f14        0x0 linker stubs

.v4_bx          0x0000000000001f14        0x0
 .v4_bx         0x0000000000001f14        0x0 linker stubs

.iplt           0x0000000000001f14        0x0
 .iplt          0x0000000000001f14        0x0 build/Entry.os

.rel.dyn        0x0000000000001f14        0x0
 .rel.iplt      0x0000000000001f14        0x0 build/Entry.os

.data           0x0000000000001f14       0x10
 *(.data)
 .data          0x0000000000001f14        0x0 build/Entry.os
 .data          0x0000000000001f14        0x0 build/Handler.o
 .data          0x0000000000001f14        0x0 build/Main.o
 .data          0x0000000000001f14        0x0 build/Interrupt.o
 .data          0x0000000000001f14       0x10 build/Regs.o
                0x0000000000001f14                Uart
                0x0000000000001f18                GicCpu
                0x0000000000001f1c                GicDist
                0x0000000000001f20                Timer
 .data          0x0000000000001f24        0x0 build/Timer.o
 .data          0x0000000000001f24        0x0 build/Uart.o
 .data          0x0000000000001f24        0x0 build/armcpu.o
 .data          0x0000000000001f24        0x0 build/stdio.o
 .data          0x0000000000001f24        0x0 build/stdlib.o
 .data          0x0000000000001f24        0x0 build/event.o
 .data          0x0000000000001f24        0x0 build/Kernel.o
 .data          0x0000000000001f24        0x0 build/msg.o
 .data          0x0000000000001f24        0x0 build/task.o
 .data          0x0000000000001f24        0x0 /usr/lib/gcc/arm-none-eabi/10.3.1/libgcc.a(_udivsi3.o)
 .data          0x0000000000001f24        0x0 /usr/lib/gcc/arm-none-eabi/10.3.1/libgcc.a(_dvmd_tls.o)

.igot.plt       0x0000000000001f24        0x0
 .igot.plt      0x0000000000001f24        0x0 build/Entry.os

.bss            0x0000000000001f24     0x102c
 *(.bss)
 .bss           0x0000000000001f24        0x0 build/Entry.os
 .bss           0x0000000000001f24        0x0 build/Handler.o
 .bss           0x0000000000001f24        0x0 build/Main.o
 .bss           0x0000000000001f24      0x3fc build/Interrupt.o
 .bss           0x0000000000002320        0x0 build/Regs.o
 .bss           0x0000000000002320        0x4 build/Timer.o
 .bss           0x0000000000002324        0x0 build/Uart.o
 .bss           0x0000000000002324        0x0 build/armcpu.o
 .bss           0x0000000000002324      0x400 build/stdio.o
 .bss           0x0000000000002724        0x0 build/stdlib.o
 .bss           0x0000000000002724        0x4 build/event.o
 .bss           0x0000000000002728        0x0 build/Kernel.o
 .bss           0x0000000000002728      0x618 build/msg.o
                0x0000000000002728                sMsgQ
 .bss           0x0000000000002d40      0x210 build/task.o
 .bss           0x0000000000002f50        0x0 /usr/lib/gcc/arm-none-eabi/10.3.1/libgcc.a(_udivsi3.o)
 .bss           0x0000000000002f50        0x0 /usr/lib/gcc/arm-none-eabi/10.3.1/libgcc.a(_dvmd_tls.o)
OUTPUT(build/navilos.axf elf32-littlearm)
LOAD linker stubs

.ARM.attributes
                0x0000000000000000       0x2b
 .ARM.attributes
                0x0000000000000000       0x1d build/Entry.os
 .ARM.attributes
                0x000000000000001d       0x2f build/Handler.o
 .ARM.attributes
                0x000000000000004c       0x2f build/Main.o
 .ARM.attributes
                0x000000000000007b       0x2f build/Interrupt.o
 .ARM.attributes
                0x00000000000000aa       0x2f build/Regs.o
 .ARM.attributes
                0x00000000000000d9       0x2f build/Timer.o
 .ARM.attributes
                0x0000000000000108       0x2f build/Uart.o
 .ARM.attributes
                0x0000000000000137       0x2f build/armcpu.o
 .ARM.attributes
                0x0000000000000166       0x2f build/stdio.o
 .ARM.attributes
                0x0000000000000195       0x2f build/stdlib.o
 .ARM.attributes
                0x00000000000001c4       0x2f build/event.o
 .ARM.attributes
                0x00000000000001f3       0x2f build/Kernel.o
 .ARM.attributes
                0x0000000000000222       0x2f build/msg.o
 .ARM.attributes
                0x0000000000000251       0x2f build/task.o
 .ARM.attributes
                0x0000000000000280       0x1c /usr/lib/gcc/arm-none-eabi/10.3.1/libgcc.a(_udivsi3.o)
 .ARM.attributes
                0x000000000000029c       0x1c /usr/lib/gcc/arm-none-eabi/10.3.1/libgcc.a(_dvmd_tls.o)

.comment        0x0000000000000000       0x33
 .comment       0x0000000000000000       0x33 build/Handler.o
                                         0x34 (size before relaxing)
 .comment       0x0000000000000033       0x34 build/Main.o
 .comment       0x0000000000000033       0x34 build/Interrupt.o
 .comment       0x0000000000000033       0x34 build/Regs.o
 .comment       0x0000000000000033       0x34 build/Timer.o
 .comment       0x0000000000000033       0x34 build/Uart.o
 .comment       0x0000000000000033       0x34 build/armcpu.o
 .comment       0x0000000000000033       0x34 build/stdio.o
 .comment       0x0000000000000033       0x34 build/stdlib.o
 .comment       0x0000000000000033       0x34 build/event.o
 .comment       0x0000000000000033       0x34 build/Kernel.o
 .comment       0x0000000000000033       0x34 build/msg.o
 .comment       0x0000000000000033       0x34 build/task.o

.debug_line     0x0000000000000000      0xd0d
 .debug_line    0x0000000000000000       0x6d build/Entry.os
 .debug_line    0x000000000000006d       0x4c build/Handler.o
 .debug_line    0x00000000000000b9      0x173 build/Main.o
 .debug_line    0x000000000000022c      0x11e build/Interrupt.o
 .debug_line    0x000000000000034a       0x68 build/Regs.o
 .debug_line    0x00000000000003b2       0xdc build/Timer.o
 .debug_line    0x000000000000048e      0x107 build/Uart.o
 .debug_line    0x0000000000000595       0x67 build/armcpu.o
 .debug_line    0x00000000000005fc      0x17a build/stdio.o
 .debug_line    0x0000000000000776       0x80 build/stdlib.o
 .debug_line    0x00000000000007f6       0x87 build/event.o
 .debug_line    0x000000000000087d      0x15e build/Kernel.o
 .debug_line    0x00000000000009db      0x122 build/msg.o
 .debug_line    0x0000000000000afd      0x145 build/task.o
 .debug_line    0x0000000000000c42       0x74 /usr/lib/gcc/arm-none-eabi/10.3.1/libgcc.a(_udivsi3.o)
 .debug_line    0x0000000000000cb6       0x57 /usr/lib/gcc/arm-none-eabi/10.3.1/libgcc.a(_dvmd_tls.o)

.debug_info     0x0000000000000000     0x3bef
 .debug_info    0x0000000000000000       0x26 build/Entry.os
 .debug_info    0x0000000000000026       0x82 build/Handler.o
 .debug_info    0x00000000000000a8      0x3a7 build/Main.o
 .debug_info    0x000000000000044f      0x691 build/Interrupt.o
 .debug_info    0x0000000000000ae0     0x124d build/Regs.o
 .debug_info    0x0000000000001d2d      0x2c6 build/Timer.o
 .debug_info    0x0000000000001ff3      0xd08 build/Uart.o
 .debug_info    0x0000000000002cfb       0x6e build/armcpu.o
 .debug_info    0x0000000000002d69      0x2ad build/stdio.o
 .debug_info    0x0000000000003016       0xf0 build/stdlib.o
 .debug_info    0x0000000000003106      0x228 build/event.o
 .debug_info    0x000000000000332e      0x3b5 build/Kernel.o
 .debug_info    0x00000000000036e3      0x23d build/msg.o
 .debug_info    0x0000000000003920      0x283 build/task.o
 .debug_info    0x0000000000003ba3       0x26 /usr/lib/gcc/arm-none-eabi/10.3.1/libgcc.a(_udivsi3.o)
 .debug_info    0x0000000000003bc9       0x26 /usr/lib/gcc/arm-none-eabi/10.3.1/libgcc.a(_dvmd_tls.o)

.debug_abbrev   0x0000000000000000      0xe09
 .debug_abbrev  0x0000000000000000       0x14 build/Entry.os
 .debug_abbrev  0x0000000000000014       0x5e build/Handler.o
 .debug_abbrev  0x0000000000000072      0x117 build/Main.o
 .debug_abbrev  0x0000000000000189      0x19c build/Interrupt.o
 .debug_abbrev  0x0000000000000325      0x11a build/Regs.o
 .debug_abbrev  0x000000000000043f      0x132 build/Timer.o
 .debug_abbrev  0x0000000000000571      0x1cd build/Uart.o
 .debug_abbrev  0x000000000000073e       0x2e build/armcpu.o
 .debug_abbrev  0x000000000000076c      0x131 build/stdio.o
 .debug_abbrev  0x000000000000089d       0xc3 build/stdlib.o
 .debug_abbrev  0x0000000000000960       0xdf build/event.o
 .debug_abbrev  0x0000000000000a3f      0x109 build/Kernel.o
 .debug_abbrev  0x0000000000000b48      0x131 build/msg.o
 .debug_abbrev  0x0000000000000c79      0x168 build/task.o
 .debug_abbrev  0x0000000000000de1       0x14 /usr/lib/gcc/arm-none-eabi/10.3.1/libgcc.a(_udivsi3.o)
 .debug_abbrev  0x0000000000000df5       0x14 /usr/lib/gcc/arm-none-eabi/10.3.1/libgcc.a(_dvmd_tls.o)

.debug_aranges  0x0000000000000000      0x1f8
 .debug_aranges
                0x0000000000000000       0x20 build/Entry.os
 .debug_aranges
                0x0000000000000020       0x20 build/Handler.o
 .debug_aranges
                0x0000000000000040       0x20 build/Main.o
 .debug_aranges
                0x0000000000000060       0x20 build/Interrupt.o
 .debug_aranges
                0x0000000000000080       0x18 build/Regs.o
 .debug_aranges
                0x0000000000000098       0x20 build/Timer.o
 .debug_aranges
                0x00000000000000b8       0x20 build/Uart.o
 .debug_aranges
                0x00000000000000d8       0x20 build/armcpu.o
 .debug_aranges
                0x00000000000000f8       0x20 build/stdio.o
 .debug_aranges
                0x0000000000000118       0x20 build/stdlib.o
 .debug_aranges
                0x0000000000000138       0x20 build/event.o
 .debug_aranges
                0x0000000000000158       0x20 build/Kernel.o
 .debug_aranges
                0x0000000000000178       0x20 build/msg.o
 .debug_aranges
                0x0000000000000198       0x20 build/task.o
 .debug_aranges
                0x00000000000001b8       0x20 /usr/lib/gcc/arm-none-eabi/10.3.1/libgcc.a(_udivsi3.o)
 .debug_aranges
                0x00000000000001d8       0x20 /usr/lib/gcc/arm-none-eabi/10.3.1/libgcc.a(_dvmd_tls.o)

.debug_str      0x0000000000000000     0x1140
 .debug_str     0x0000000000000000       0x34 build/Entry.os
 .debug_str     0x0000000000000034       0xed build/Handler.o
                                        0x121 (size before relaxing)
 .debug_str     0x0000000000000121      0x482 build/Main.o
                                        0x581 (size before relaxing)
 .debug_str     0x00000000000005a3      0x2b3 build/Interrupt.o
                                        0x3c5 (size before relaxing)
 .debug_str     0x0000000000000856      0x3b4 build/Regs.o
                                        0x6b6 (size before relaxing)
 .debug_str     0x0000000000000c0a       0x6f build/Timer.o
                                        0x268 (size before relaxing)
 .debug_str     0x0000000000000c79       0x42 build/Uart.o
                                        0x820 (size before relaxing)
 .debug_str     0x0000000000000cbb       0x3b build/armcpu.o
                                         0xcc (size before relaxing)
 .debug_str     0x0000000000000cf6       0x73 build/stdio.o
                                        0x190 (size before relaxing)
 .debug_str     0x0000000000000d69       0x25 build/stdlib.o
                                        0x130 (size before relaxing)
 .debug_str     0x0000000000000d8e       0x7d build/event.o
                                        0x501 (size before relaxing)
 .debug_str     0x0000000000000e0b       0xbc build/Kernel.o
                                        0x5a2 (size before relaxing)
 .debug_str     0x0000000000000ec7       0x93 build/msg.o
                                        0x207 (size before relaxing)
 .debug_str     0x0000000000000f5a      0x159 build/task.o
                                        0x264 (size before relaxing)
 .debug_str     0x00000000000010b3       0x8d /usr/lib/gcc/arm-none-eabi/10.3.1/libgcc.a(_udivsi3.o)
 .debug_str     0x0000000000001140       0x8d /usr/lib/gcc/arm-none-eabi/10.3.1/libgcc.a(_dvmd_tls.o)

.debug_frame    0x0000000000000000      0x780
 .debug_frame   0x0000000000000000       0x50 build/Handler.o
 .debug_frame   0x0000000000000050       0xfc build/Main.o
 .debug_frame   0x000000000000014c       0xb0 build/Interrupt.o
 .debug_frame   0x00000000000001fc       0x70 build/Timer.o
 .debug_frame   0x000000000000026c       0x8c build/Uart.o
 .debug_frame   0x00000000000002f8       0x90 build/armcpu.o
 .debug_frame   0x0000000000000388       0xac build/stdio.o
 .debug_frame   0x0000000000000434       0x50 build/stdlib.o
 .debug_frame   0x0000000000000484       0x90 build/event.o
 .debug_frame   0x0000000000000514       0xc8 build/Kernel.o
 .debug_frame   0x00000000000005dc       0xb0 build/msg.o
 .debug_frame   0x000000000000068c       0xd4 build/task.o
 .debug_frame   0x0000000000000760       0x20 /usr/lib/gcc/arm-none-eabi/10.3.1/libgcc.a(_udivsi3.o)
