Archive member included to satisfy reference by file (symbol)

/usr/lib/gcc/arm-none-eabi/10.3.1/libgcc.a(_udivsi3.o)
                              build/stdio.o (__aeabi_uidiv)
/usr/lib/gcc/arm-none-eabi/10.3.1/libgcc.a(_dvmd_tls.o)
                              /usr/lib/gcc/arm-none-eabi/10.3.1/libgcc.a(_udivsi3.o) (__aeabi_idiv0)

Memory Configuration

Name             Origin             Length             Attributes
*default*        0x0000000000000000 0xffffffffffffffff

Linker script and memory map

LOAD build/Entry.os
LOAD build/Handler.o
LOAD build/main.o
LOAD build/Interrupt.o
LOAD build/Regs.o
LOAD build/Uart.o
LOAD build/armcpu.o
LOAD build/stdio.o
LOAD /usr/lib/gcc/arm-none-eabi/10.3.1/libgcc.a
                0x0000000000000000                . = 0x0

.text           0x0000000000000000      0xd50
 *(vector_start)
 *(.text .rodata)
 .text          0x0000000000000000       0xd4 build/Entry.os
                0x0000000000000000                vector_start
                0x000000000000003c                vector_end
 .text          0x00000000000000d4       0x24 build/Handler.o
                0x00000000000000d4                Irq_Handler
                0x00000000000000f0                Fiq_Handler
 .text          0x00000000000000f8       0xfc build/main.o
                0x00000000000000f8                main
 .rodata        0x00000000000001f4       0x8b build/main.o
 *fill*         0x000000000000027f        0x1 
 .text          0x0000000000000280      0x2f8 build/Interrupt.o
                0x0000000000000280                Hal_interrupt_init
                0x000000000000031c                Hal_interrupt_enable
                0x00000000000003e8                Hal_interrupt_disable
                0x00000000000004bc                Hal_interrupt_register_handler
                0x00000000000004f4                Hal_interrupt_run_handler
 .text          0x0000000000000578        0x0 build/Regs.o
 .text          0x0000000000000578      0x1b4 build/Uart.o
                0x0000000000000578                Hal_uart_init
                0x0000000000000618                Hal_uart_put_char
                0x0000000000000674                Hal_uart_get_char
 .text          0x000000000000072c       0xb0 build/armcpu.o
                0x000000000000072c                enable_irq
                0x0000000000000758                enable_fiq
                0x0000000000000784                disable_irq
                0x00000000000007b0                disable_fiq
 .text          0x00000000000007dc      0x454 build/stdio.o
                0x00000000000007dc                putstr
                0x000000000000083c                debug_printf
                0x000000000000088c                vsprintf
                0x0000000000000b0c                utoa
 .rodata        0x0000000000000c30        0x7 build/stdio.o
 *fill*         0x0000000000000c37        0x1 
 .text          0x0000000000000c38      0x114 /usr/lib/gcc/arm-none-eabi/10.3.1/libgcc.a(_udivsi3.o)
                0x0000000000000c38                __udivsi3
                0x0000000000000c38                __aeabi_uidiv
                0x0000000000000d2c                __aeabi_uidivmod
 .text          0x0000000000000d4c        0x4 /usr/lib/gcc/arm-none-eabi/10.3.1/libgcc.a(_dvmd_tls.o)
                0x0000000000000d4c                __aeabi_ldiv0
                0x0000000000000d4c                __aeabi_idiv0

.glue_7         0x0000000000000d50        0x0
 .glue_7        0x0000000000000d50        0x0 linker stubs

.glue_7t        0x0000000000000d50        0x0
 .glue_7t       0x0000000000000d50        0x0 linker stubs

.vfp11_veneer   0x0000000000000d50        0x0
 .vfp11_veneer  0x0000000000000d50        0x0 linker stubs

.v4_bx          0x0000000000000d50        0x0
 .v4_bx         0x0000000000000d50        0x0 linker stubs

.iplt           0x0000000000000d50        0x0
 .iplt          0x0000000000000d50        0x0 build/Entry.os

.rel.dyn        0x0000000000000d50        0x0
 .rel.iplt      0x0000000000000d50        0x0 build/Entry.os

.data           0x0000000000000d50        0xc
 *(.data)
 .data          0x0000000000000d50        0x0 build/Entry.os
 .data          0x0000000000000d50        0x0 build/Handler.o
 .data          0x0000000000000d50        0x0 build/main.o
 .data          0x0000000000000d50        0x0 build/Interrupt.o
 .data          0x0000000000000d50        0xc build/Regs.o
                0x0000000000000d50                Uart
                0x0000000000000d54                GicCpu
                0x0000000000000d58                GicDist
 .data          0x0000000000000d5c        0x0 build/Uart.o
 .data          0x0000000000000d5c        0x0 build/armcpu.o
 .data          0x0000000000000d5c        0x0 build/stdio.o
 .data          0x0000000000000d5c        0x0 /usr/lib/gcc/arm-none-eabi/10.3.1/libgcc.a(_udivsi3.o)
 .data          0x0000000000000d5c        0x0 /usr/lib/gcc/arm-none-eabi/10.3.1/libgcc.a(_dvmd_tls.o)

.igot.plt       0x0000000000000d5c        0x0
 .igot.plt      0x0000000000000d5c        0x0 build/Entry.os

.bss            0x0000000000000d5c      0x7fc
 *(.bss)
 .bss           0x0000000000000d5c        0x0 build/Entry.os
 .bss           0x0000000000000d5c        0x0 build/Handler.o
 .bss           0x0000000000000d5c        0x0 build/main.o
 .bss           0x0000000000000d5c      0x3fc build/Interrupt.o
 .bss           0x0000000000001158        0x0 build/Regs.o
 .bss           0x0000000000001158        0x0 build/Uart.o
 .bss           0x0000000000001158        0x0 build/armcpu.o
 .bss           0x0000000000001158      0x400 build/stdio.o
 .bss           0x0000000000001558        0x0 /usr/lib/gcc/arm-none-eabi/10.3.1/libgcc.a(_udivsi3.o)
 .bss           0x0000000000001558        0x0 /usr/lib/gcc/arm-none-eabi/10.3.1/libgcc.a(_dvmd_tls.o)
OUTPUT(build/navilos.axf elf32-littlearm)
LOAD linker stubs

.ARM.attributes
                0x0000000000000000       0x2b
 .ARM.attributes
                0x0000000000000000       0x1d build/Entry.os
 .ARM.attributes
                0x000000000000001d       0x2f build/Handler.o
 .ARM.attributes
                0x000000000000004c       0x2f build/main.o
 .ARM.attributes
                0x000000000000007b       0x2f build/Interrupt.o
 .ARM.attributes
                0x00000000000000aa       0x2f build/Regs.o
 .ARM.attributes
                0x00000000000000d9       0x2f build/Uart.o
 .ARM.attributes
                0x0000000000000108       0x2f build/armcpu.o
 .ARM.attributes
                0x0000000000000137       0x2f build/stdio.o
 .ARM.attributes
                0x0000000000000166       0x1c /usr/lib/gcc/arm-none-eabi/10.3.1/libgcc.a(_udivsi3.o)
 .ARM.attributes
                0x0000000000000182       0x1c /usr/lib/gcc/arm-none-eabi/10.3.1/libgcc.a(_dvmd_tls.o)

.comment        0x0000000000000000       0x33
 .comment       0x0000000000000000       0x33 build/Handler.o
                                         0x34 (size before relaxing)
 .comment       0x0000000000000033       0x34 build/main.o
 .comment       0x0000000000000033       0x34 build/Interrupt.o
 .comment       0x0000000000000033       0x34 build/Regs.o
 .comment       0x0000000000000033       0x34 build/Uart.o
 .comment       0x0000000000000033       0x34 build/armcpu.o
 .comment       0x0000000000000033       0x34 build/stdio.o

.debug_line     0x0000000000000000      0x657
 .debug_line    0x0000000000000000       0x6d build/Entry.os
 .debug_line    0x000000000000006d       0x4c build/Handler.o
 .debug_line    0x00000000000000b9       0x8b build/main.o
 .debug_line    0x0000000000000144      0x11e build/Interrupt.o
 .debug_line    0x0000000000000262       0x5d build/Regs.o
 .debug_line    0x00000000000002bf       0xe7 build/Uart.o
 .debug_line    0x00000000000003a6       0x67 build/armcpu.o
 .debug_line    0x000000000000040d      0x17f build/stdio.o
 .debug_line    0x000000000000058c       0x74 /usr/lib/gcc/arm-none-eabi/10.3.1/libgcc.a(_udivsi3.o)
 .debug_line    0x0000000000000600       0x57 /usr/lib/gcc/arm-none-eabi/10.3.1/libgcc.a(_dvmd_tls.o)

.debug_info     0x0000000000000000     0x27d5
 .debug_info    0x0000000000000000       0x26 build/Entry.os
 .debug_info    0x0000000000000026       0x82 build/Handler.o
 .debug_info    0x00000000000000a8      0x105 build/main.o
 .debug_info    0x00000000000001ad      0x698 build/Interrupt.o
 .debug_info    0x0000000000000845     0x1047 build/Regs.o
 .debug_info    0x000000000000188c      0xbcc build/Uart.o
 .debug_info    0x0000000000002458       0x6e build/armcpu.o
 .debug_info    0x00000000000024c6      0x2c3 build/stdio.o
 .debug_info    0x0000000000002789       0x26 /usr/lib/gcc/arm-none-eabi/10.3.1/libgcc.a(_udivsi3.o)
 .debug_info    0x00000000000027af       0x26 /usr/lib/gcc/arm-none-eabi/10.3.1/libgcc.a(_dvmd_tls.o)

.debug_abbrev   0x0000000000000000      0x6fc
 .debug_abbrev  0x0000000000000000       0x14 build/Entry.os
 .debug_abbrev  0x0000000000000014       0x5e build/Handler.o
 .debug_abbrev  0x0000000000000072       0xb0 build/main.o
 .debug_abbrev  0x0000000000000122      0x19c build/Interrupt.o
 .debug_abbrev  0x00000000000002be      0x11a build/Regs.o
 .debug_abbrev  0x00000000000003d8      0x19d build/Uart.o
 .debug_abbrev  0x0000000000000575       0x2e build/armcpu.o
 .debug_abbrev  0x00000000000005a3      0x131 build/stdio.o
 .debug_abbrev  0x00000000000006d4       0x14 /usr/lib/gcc/arm-none-eabi/10.3.1/libgcc.a(_udivsi3.o)
 .debug_abbrev  0x00000000000006e8       0x14 /usr/lib/gcc/arm-none-eabi/10.3.1/libgcc.a(_dvmd_tls.o)

.debug_aranges  0x0000000000000000      0x138
 .debug_aranges
                0x0000000000000000       0x20 build/Entry.os
 .debug_aranges
                0x0000000000000020       0x20 build/Handler.o
 .debug_aranges
                0x0000000000000040       0x20 build/main.o
 .debug_aranges
                0x0000000000000060       0x20 build/Interrupt.o
 .debug_aranges
                0x0000000000000080       0x18 build/Regs.o
 .debug_aranges
                0x0000000000000098       0x20 build/Uart.o
 .debug_aranges
                0x00000000000000b8       0x20 build/armcpu.o
 .debug_aranges
                0x00000000000000d8       0x20 build/stdio.o
 .debug_aranges
                0x00000000000000f8       0x20 /usr/lib/gcc/arm-none-eabi/10.3.1/libgcc.a(_udivsi3.o)
 .debug_aranges
                0x0000000000000118       0x20 /usr/lib/gcc/arm-none-eabi/10.3.1/libgcc.a(_dvmd_tls.o)

.debug_str      0x0000000000000000      0x887
 .debug_str     0x0000000000000000       0x35 build/Entry.os
 .debug_str     0x0000000000000035       0xdb build/Handler.o
                                        0x110 (size before relaxing)
 .debug_str     0x0000000000000110       0x55 build/main.o
                                        0x143 (size before relaxing)
 .debug_str     0x0000000000000165      0x2a7 build/Interrupt.o
                                        0x3c0 (size before relaxing)
 .debug_str     0x000000000000040c      0x2d6 build/Regs.o
                                        0x5c7 (size before relaxing)
 .debug_str     0x00000000000006e2       0x61 build/Uart.o
                                        0x445 (size before relaxing)
 .debug_str     0x0000000000000743       0x3b build/armcpu.o
                                         0xbb (size before relaxing)
 .debug_str     0x000000000000077e       0x7c build/stdio.o
                                        0x194 (size before relaxing)
 .debug_str     0x00000000000007fa       0x8d /usr/lib/gcc/arm-none-eabi/10.3.1/libgcc.a(_udivsi3.o)
 .debug_str     0x0000000000000887       0x8d /usr/lib/gcc/arm-none-eabi/10.3.1/libgcc.a(_dvmd_tls.o)

.debug_frame    0x0000000000000000      0x350
 .debug_frame   0x0000000000000000       0x50 build/Handler.o
 .debug_frame   0x0000000000000050       0x68 build/main.o
 .debug_frame   0x00000000000000b8       0xb0 build/Interrupt.o
 .debug_frame   0x0000000000000168       0x8c build/Uart.o
 .debug_frame   0x00000000000001f4       0x90 build/armcpu.o
 .debug_frame   0x0000000000000284       0xac build/stdio.o
 .debug_frame   0x0000000000000330       0x20 /usr/lib/gcc/arm-none-eabi/10.3.1/libgcc.a(_udivsi3.o)
