Archive member included to satisfy reference by file (symbol)

/usr/lib/gcc/arm-none-eabi/10.3.1/libgcc.a(_udivsi3.o)
                              build/stdio.o (__aeabi_uidiv)
/usr/lib/gcc/arm-none-eabi/10.3.1/libgcc.a(_dvmd_tls.o)
                              /usr/lib/gcc/arm-none-eabi/10.3.1/libgcc.a(_udivsi3.o) (__aeabi_idiv0)

Memory Configuration

Name             Origin             Length             Attributes
*default*        0x0000000000000000 0xffffffffffffffff

Linker script and memory map

LOAD build/Entry.os
LOAD build/Handler.o
LOAD build/main.o
LOAD build/Interrupt.o
LOAD build/Regs.o
LOAD build/Timer.o
LOAD build/Uart.o
LOAD build/armcpu.o
LOAD build/stdio.o
LOAD build/stdlib.o
LOAD build/Kernel.o
LOAD build/event.o
LOAD build/task.o
LOAD /usr/lib/gcc/arm-none-eabi/10.3.1/libgcc.a
                0x0000000000000000                . = 0x0

.text           0x0000000000000000     0x1864
 *(vector_start)
 *(.text .rodata)
 .text          0x0000000000000000       0xd4 build/Entry.os
                0x0000000000000000                vector_start
                0x000000000000003c                vector_end
 .text          0x00000000000000d4       0x24 build/Handler.o
                0x00000000000000d4                Irq_Handler
                0x00000000000000f0                Fiq_Handler
 .text          0x00000000000000f8      0x338 build/main.o
                0x00000000000000f8                main
                0x0000000000000330                User_task0
                0x00000000000003a8                User_task1
                0x0000000000000400                User_task2
 .rodata        0x0000000000000430      0x19e build/main.o
 *fill*         0x00000000000005ce        0x2 
 .text          0x00000000000005d0      0x2f8 build/Interrupt.o
                0x00000000000005d0                Hal_interrupt_init
                0x000000000000066c                Hal_interrupt_enable
                0x0000000000000738                Hal_interrupt_disable
                0x000000000000080c                Hal_interrupt_register_handler
                0x0000000000000844                Hal_interrupt_run_handler
 .text          0x00000000000008c8        0x0 build/Regs.o
 .text          0x00000000000008c8      0x210 build/Timer.o
                0x00000000000008c8                Hal_timer_init
                0x0000000000000a6c                Hal_timer_get_1ms_counter
 .text          0x0000000000000ad8      0x1d0 build/Uart.o
                0x0000000000000ad8                Hal_uart_init
                0x0000000000000b78                Hal_uart_put_char
                0x0000000000000bd4                Hal_uart_get_char
 .text          0x0000000000000ca8       0xb0 build/armcpu.o
                0x0000000000000ca8                enable_irq
                0x0000000000000cd4                enable_fiq
                0x0000000000000d00                disable_irq
                0x0000000000000d2c                disable_fiq
 .text          0x0000000000000d58      0x454 build/stdio.o
                0x0000000000000d58                putstr
                0x0000000000000db8                debug_printf
                0x0000000000000e08                vsprintf
                0x0000000000001088                utoa
 .rodata        0x00000000000011ac        0x7 build/stdio.o
 *fill*         0x00000000000011b3        0x1 
 .text          0x00000000000011b4       0x4c build/stdlib.o
                0x00000000000011b4                delay
 .text          0x0000000000001200      0x14c build/Kernel.o
                0x0000000000001200                Kernel_start
                0x0000000000001214                Kernel_yield
                0x0000000000001228                Kernel_send_events
                0x00000000000012b0                Kernel_wait_events
 .text          0x000000000000134c       0xf8 build/event.o
                0x000000000000134c                Kernel_event_flag_init
                0x0000000000001374                Kernel_event_flag_set
                0x00000000000013b4                Kernel_event_flag_clear
                0x00000000000013f8                Kernel_event_flag_check
 .text          0x0000000000001444      0x308 build/task.o
                0x0000000000001444                Kernel_task_init
                0x0000000000001550                Kernel_task_start
                0x000000000000158c                Kernel_task_create
                0x0000000000001620                Kernel_task_scheduler
                0x0000000000001678                Kernel_task_context_switching
 .text          0x000000000000174c      0x114 /usr/lib/gcc/arm-none-eabi/10.3.1/libgcc.a(_udivsi3.o)
                0x000000000000174c                __udivsi3
                0x000000000000174c                __aeabi_uidiv
                0x0000000000001840                __aeabi_uidivmod
 .text          0x0000000000001860        0x4 /usr/lib/gcc/arm-none-eabi/10.3.1/libgcc.a(_dvmd_tls.o)
                0x0000000000001860                __aeabi_ldiv0
                0x0000000000001860                __aeabi_idiv0

.glue_7         0x0000000000001864        0x0
 .glue_7        0x0000000000001864        0x0 linker stubs

.glue_7t        0x0000000000001864        0x0
 .glue_7t       0x0000000000001864        0x0 linker stubs

.vfp11_veneer   0x0000000000001864        0x0
 .vfp11_veneer  0x0000000000001864        0x0 linker stubs

.v4_bx          0x0000000000001864        0x0
 .v4_bx         0x0000000000001864        0x0 linker stubs

.iplt           0x0000000000001864        0x0
 .iplt          0x0000000000001864        0x0 build/Entry.os

.rel.dyn        0x0000000000001864        0x0
 .rel.iplt      0x0000000000001864        0x0 build/Entry.os

.data           0x0000000000001864       0x10
 *(.data)
 .data          0x0000000000001864        0x0 build/Entry.os
 .data          0x0000000000001864        0x0 build/Handler.o
 .data          0x0000000000001864        0x0 build/main.o
 .data          0x0000000000001864        0x0 build/Interrupt.o
 .data          0x0000000000001864       0x10 build/Regs.o
                0x0000000000001864                Uart
                0x0000000000001868                GicCpu
                0x000000000000186c                GicDist
                0x0000000000001870                Timer
 .data          0x0000000000001874        0x0 build/Timer.o
 .data          0x0000000000001874        0x0 build/Uart.o
 .data          0x0000000000001874        0x0 build/armcpu.o
 .data          0x0000000000001874        0x0 build/stdio.o
 .data          0x0000000000001874        0x0 build/stdlib.o
 .data          0x0000000000001874        0x0 build/Kernel.o
 .data          0x0000000000001874        0x0 build/event.o
 .data          0x0000000000001874        0x0 build/task.o
 .data          0x0000000000001874        0x0 /usr/lib/gcc/arm-none-eabi/10.3.1/libgcc.a(_udivsi3.o)
 .data          0x0000000000001874        0x0 /usr/lib/gcc/arm-none-eabi/10.3.1/libgcc.a(_dvmd_tls.o)

.igot.plt       0x0000000000001874        0x0
 .igot.plt      0x0000000000001874        0x0 build/Entry.os

.bss            0x0000000000001874      0xa14
 *(.bss)
 .bss           0x0000000000001874        0x0 build/Entry.os
 .bss           0x0000000000001874        0x0 build/Handler.o
 .bss           0x0000000000001874        0x0 build/main.o
 .bss           0x0000000000001874      0x3fc build/Interrupt.o
 .bss           0x0000000000001c70        0x0 build/Regs.o
 .bss           0x0000000000001c70        0x4 build/Timer.o
 .bss           0x0000000000001c74        0x0 build/Uart.o
 .bss           0x0000000000001c74        0x0 build/armcpu.o
 .bss           0x0000000000001c74      0x400 build/stdio.o
 .bss           0x0000000000002074        0x0 build/stdlib.o
 .bss           0x0000000000002074        0x0 build/Kernel.o
 .bss           0x0000000000002074        0x4 build/event.o
 .bss           0x0000000000002078      0x210 build/task.o
 .bss           0x0000000000002288        0x0 /usr/lib/gcc/arm-none-eabi/10.3.1/libgcc.a(_udivsi3.o)
 .bss           0x0000000000002288        0x0 /usr/lib/gcc/arm-none-eabi/10.3.1/libgcc.a(_dvmd_tls.o)
OUTPUT(build/navilos.axf elf32-littlearm)
LOAD linker stubs

.ARM.attributes
                0x0000000000000000       0x2b
 .ARM.attributes
                0x0000000000000000       0x1d build/Entry.os
 .ARM.attributes
                0x000000000000001d       0x2f build/Handler.o
 .ARM.attributes
                0x000000000000004c       0x2f build/main.o
 .ARM.attributes
                0x000000000000007b       0x2f build/Interrupt.o
 .ARM.attributes
                0x00000000000000aa       0x2f build/Regs.o
 .ARM.attributes
                0x00000000000000d9       0x2f build/Timer.o
 .ARM.attributes
                0x0000000000000108       0x2f build/Uart.o
 .ARM.attributes
                0x0000000000000137       0x2f build/armcpu.o
 .ARM.attributes
                0x0000000000000166       0x2f build/stdio.o
 .ARM.attributes
                0x0000000000000195       0x2f build/stdlib.o
 .ARM.attributes
                0x00000000000001c4       0x2f build/Kernel.o
 .ARM.attributes
                0x00000000000001f3       0x2f build/event.o
 .ARM.attributes
                0x0000000000000222       0x2f build/task.o
 .ARM.attributes
                0x0000000000000251       0x1c /usr/lib/gcc/arm-none-eabi/10.3.1/libgcc.a(_udivsi3.o)
 .ARM.attributes
                0x000000000000026d       0x1c /usr/lib/gcc/arm-none-eabi/10.3.1/libgcc.a(_dvmd_tls.o)

.comment        0x0000000000000000       0x33
 .comment       0x0000000000000000       0x33 build/Handler.o
                                         0x34 (size before relaxing)
 .comment       0x0000000000000033       0x34 build/main.o
 .comment       0x0000000000000033       0x34 build/Interrupt.o
 .comment       0x0000000000000033       0x34 build/Regs.o
 .comment       0x0000000000000033       0x34 build/Timer.o
 .comment       0x0000000000000033       0x34 build/Uart.o
 .comment       0x0000000000000033       0x34 build/armcpu.o
 .comment       0x0000000000000033       0x34 build/stdio.o
 .comment       0x0000000000000033       0x34 build/stdlib.o
 .comment       0x0000000000000033       0x34 build/Kernel.o
 .comment       0x0000000000000033       0x34 build/event.o
 .comment       0x0000000000000033       0x34 build/task.o

.debug_line     0x0000000000000000      0xb11
 .debug_line    0x0000000000000000       0x6d build/Entry.os
 .debug_line    0x000000000000006d       0x4c build/Handler.o
 .debug_line    0x00000000000000b9      0x139 build/main.o
 .debug_line    0x00000000000001f2      0x11e build/Interrupt.o
 .debug_line    0x0000000000000310       0x68 build/Regs.o
 .debug_line    0x0000000000000378       0xdc build/Timer.o
 .debug_line    0x0000000000000454      0x100 build/Uart.o
 .debug_line    0x0000000000000554       0x67 build/armcpu.o
 .debug_line    0x00000000000005bb      0x17f build/stdio.o
 .debug_line    0x000000000000073a       0x6a build/stdlib.o
 .debug_line    0x00000000000007a4       0xd2 build/Kernel.o
 .debug_line    0x0000000000000876       0x89 build/event.o
 .debug_line    0x00000000000008ff      0x147 build/task.o
 .debug_line    0x0000000000000a46       0x74 /usr/lib/gcc/arm-none-eabi/10.3.1/libgcc.a(_udivsi3.o)
 .debug_line    0x0000000000000aba       0x57 /usr/lib/gcc/arm-none-eabi/10.3.1/libgcc.a(_dvmd_tls.o)

.debug_info     0x0000000000000000     0x378b
 .debug_info    0x0000000000000000       0x26 build/Entry.os
 .debug_info    0x0000000000000026       0x82 build/Handler.o
 .debug_info    0x00000000000000a8      0x32a build/main.o
 .debug_info    0x00000000000003d2      0x698 build/Interrupt.o
 .debug_info    0x0000000000000a6a     0x124d build/Regs.o
 .debug_info    0x0000000000001cb7      0x2c6 build/Timer.o
 .debug_info    0x0000000000001f7d      0xcdd build/Uart.o
 .debug_info    0x0000000000002c5a       0x6e build/armcpu.o
 .debug_info    0x0000000000002cc8      0x2c3 build/stdio.o
 .debug_info    0x0000000000002f8b       0x9a build/stdlib.o
 .debug_info    0x0000000000003025      0x25b build/Kernel.o
 .debug_info    0x0000000000003280      0x22f build/event.o
 .debug_info    0x00000000000034af      0x290 build/task.o
 .debug_info    0x000000000000373f       0x26 /usr/lib/gcc/arm-none-eabi/10.3.1/libgcc.a(_udivsi3.o)
 .debug_info    0x0000000000003765       0x26 /usr/lib/gcc/arm-none-eabi/10.3.1/libgcc.a(_dvmd_tls.o)

.debug_abbrev   0x0000000000000000      0xc80
 .debug_abbrev  0x0000000000000000       0x14 build/Entry.os
 .debug_abbrev  0x0000000000000014       0x5e build/Handler.o
 .debug_abbrev  0x0000000000000072      0x11d build/main.o
 .debug_abbrev  0x000000000000018f      0x19c build/Interrupt.o
 .debug_abbrev  0x000000000000032b      0x11a build/Regs.o
 .debug_abbrev  0x0000000000000445      0x132 build/Timer.o
 .debug_abbrev  0x0000000000000577      0x1cd build/Uart.o
 .debug_abbrev  0x0000000000000744       0x2e build/armcpu.o
 .debug_abbrev  0x0000000000000772      0x131 build/stdio.o
 .debug_abbrev  0x00000000000008a3       0x75 build/stdlib.o
 .debug_abbrev  0x0000000000000918       0xf9 build/Kernel.o
 .debug_abbrev  0x0000000000000a11       0xdf build/event.o
 .debug_abbrev  0x0000000000000af0      0x168 build/task.o
 .debug_abbrev  0x0000000000000c58       0x14 /usr/lib/gcc/arm-none-eabi/10.3.1/libgcc.a(_udivsi3.o)
 .debug_abbrev  0x0000000000000c6c       0x14 /usr/lib/gcc/arm-none-eabi/10.3.1/libgcc.a(_dvmd_tls.o)

.debug_aranges  0x0000000000000000      0x1d8
 .debug_aranges
                0x0000000000000000       0x20 build/Entry.os
 .debug_aranges
                0x0000000000000020       0x20 build/Handler.o
 .debug_aranges
                0x0000000000000040       0x20 build/main.o
 .debug_aranges
                0x0000000000000060       0x20 build/Interrupt.o
 .debug_aranges
                0x0000000000000080       0x18 build/Regs.o
 .debug_aranges
                0x0000000000000098       0x20 build/Timer.o
 .debug_aranges
                0x00000000000000b8       0x20 build/Uart.o
 .debug_aranges
                0x00000000000000d8       0x20 build/armcpu.o
 .debug_aranges
                0x00000000000000f8       0x20 build/stdio.o
 .debug_aranges
                0x0000000000000118       0x20 build/stdlib.o
 .debug_aranges
                0x0000000000000138       0x20 build/Kernel.o
 .debug_aranges
                0x0000000000000158       0x20 build/event.o
 .debug_aranges
                0x0000000000000178       0x20 build/task.o
 .debug_aranges
                0x0000000000000198       0x20 /usr/lib/gcc/arm-none-eabi/10.3.1/libgcc.a(_udivsi3.o)
 .debug_aranges
                0x00000000000001b8       0x20 /usr/lib/gcc/arm-none-eabi/10.3.1/libgcc.a(_dvmd_tls.o)

.debug_str      0x0000000000000000     0x10b2
 .debug_str     0x0000000000000000       0x35 build/Entry.os
 .debug_str     0x0000000000000035       0xdb build/Handler.o
                                        0x110 (size before relaxing)
 .debug_str     0x0000000000000110      0x4a5 build/main.o
                                        0x52f (size before relaxing)
 .debug_str     0x00000000000005b5      0x2b3 build/Interrupt.o
                                        0x3c0 (size before relaxing)
 .debug_str     0x0000000000000868      0x3b4 build/Regs.o
                                        0x6a5 (size before relaxing)
 .debug_str     0x0000000000000c1c       0x6a build/Timer.o
                                        0x252 (size before relaxing)
 .debug_str     0x0000000000000c86       0x4f build/Uart.o
                                        0x7d2 (size before relaxing)
 .debug_str     0x0000000000000cd5       0x3b build/armcpu.o
                                         0xbb (size before relaxing)
 .debug_str     0x0000000000000d10       0x7c build/stdio.o
                                        0x194 (size before relaxing)
 .debug_str     0x0000000000000d8c       0x18 build/stdlib.o
                                        0x10a (size before relaxing)
 .debug_str     0x0000000000000da4       0xba build/Kernel.o
                                        0x50c (size before relaxing)
 .debug_str     0x0000000000000e5e       0x66 build/event.o
                                        0x50e (size before relaxing)
 .debug_str     0x0000000000000ec4      0x161 build/task.o
                                        0x26d (size before relaxing)
 .debug_str     0x0000000000001025       0x8d /usr/lib/gcc/arm-none-eabi/10.3.1/libgcc.a(_udivsi3.o)
 .debug_str     0x00000000000010b2       0x8d /usr/lib/gcc/arm-none-eabi/10.3.1/libgcc.a(_dvmd_tls.o)

.debug_frame    0x0000000000000000      0x670
 .debug_frame   0x0000000000000000       0x50 build/Handler.o
 .debug_frame   0x0000000000000050       0xfc build/main.o
 .debug_frame   0x000000000000014c       0xb0 build/Interrupt.o
 .debug_frame   0x00000000000001fc       0x70 build/Timer.o
 .debug_frame   0x000000000000026c       0x8c build/Uart.o
 .debug_frame   0x00000000000002f8       0x90 build/armcpu.o
 .debug_frame   0x0000000000000388       0xac build/stdio.o
 .debug_frame   0x0000000000000434       0x30 build/stdlib.o
 .debug_frame   0x0000000000000464       0x88 build/Kernel.o
 .debug_frame   0x00000000000004ec       0x90 build/event.o
 .debug_frame   0x000000000000057c       0xd4 build/task.o
 .debug_frame   0x0000000000000650       0x20 /usr/lib/gcc/arm-none-eabi/10.3.1/libgcc.a(_udivsi3.o)
