Archive member included to satisfy reference by file (symbol)

/usr/lib/gcc/arm-none-eabi/10.3.1/libgcc.a(_udivsi3.o)
                              build/stdio.o (__aeabi_uidiv)
/usr/lib/gcc/arm-none-eabi/10.3.1/libgcc.a(_dvmd_tls.o)
                              /usr/lib/gcc/arm-none-eabi/10.3.1/libgcc.a(_udivsi3.o) (__aeabi_idiv0)

Memory Configuration

Name             Origin             Length             Attributes
*default*        0x0000000000000000 0xffffffffffffffff

Linker script and memory map

LOAD build/Entry.os
LOAD build/Handler.o
LOAD build/main.o
LOAD build/Interrupt.o
LOAD build/Regs.o
LOAD build/Timer.o
LOAD build/Uart.o
LOAD build/armcpu.o
LOAD build/stdio.o
LOAD build/stdlib.o
LOAD build/task.o
LOAD /usr/lib/gcc/arm-none-eabi/10.3.1/libgcc.a
                0x0000000000000000                . = 0x0

.text           0x0000000000000000     0x1390
 *(vector_start)
 *(.text .rodata)
 .text          0x0000000000000000       0xd4 build/Entry.os
                0x0000000000000000                vector_start
                0x000000000000003c                vector_end
 .text          0x00000000000000d4       0x24 build/Handler.o
                0x00000000000000d4                Irq_Handler
                0x00000000000000f0                Fiq_Handler
 .text          0x00000000000000f8      0x274 build/main.o
                0x00000000000000f8                main
                0x0000000000000324                User_task0
                0x000000000000033c                User_task1
                0x0000000000000354                User_task2
 .rodata        0x000000000000036c      0x136 build/main.o
 *fill*         0x00000000000004a2        0x2 
 .text          0x00000000000004a4      0x2f8 build/Interrupt.o
                0x00000000000004a4                Hal_interrupt_init
                0x0000000000000540                Hal_interrupt_enable
                0x000000000000060c                Hal_interrupt_disable
                0x00000000000006e0                Hal_interrupt_register_handler
                0x0000000000000718                Hal_interrupt_run_handler
 .text          0x000000000000079c        0x0 build/Regs.o
 .text          0x000000000000079c      0x210 build/Timer.o
                0x000000000000079c                Hal_timer_init
                0x0000000000000940                Hal_timer_get_1ms_counter
 .text          0x00000000000009ac      0x1b4 build/Uart.o
                0x00000000000009ac                Hal_uart_init
                0x0000000000000a4c                Hal_uart_put_char
                0x0000000000000aa8                Hal_uart_get_char
 .text          0x0000000000000b60       0xb0 build/armcpu.o
                0x0000000000000b60                enable_irq
                0x0000000000000b8c                enable_fiq
                0x0000000000000bb8                disable_irq
                0x0000000000000be4                disable_fiq
 .text          0x0000000000000c10      0x454 build/stdio.o
                0x0000000000000c10                putstr
                0x0000000000000c70                debug_printf
                0x0000000000000cc0                vsprintf
                0x0000000000000f40                utoa
 .rodata        0x0000000000001064        0x7 build/stdio.o
 *fill*         0x000000000000106b        0x1 
 .text          0x000000000000106c       0x4c build/stdlib.o
                0x000000000000106c                delay
 .text          0x00000000000010b8      0x1c0 build/task.o
                0x00000000000010b8                Kernel_task_init
                0x00000000000011ec                Kernel_task_create
 .text          0x0000000000001278      0x114 /usr/lib/gcc/arm-none-eabi/10.3.1/libgcc.a(_udivsi3.o)
                0x0000000000001278                __udivsi3
                0x0000000000001278                __aeabi_uidiv
                0x000000000000136c                __aeabi_uidivmod
 .text          0x000000000000138c        0x4 /usr/lib/gcc/arm-none-eabi/10.3.1/libgcc.a(_dvmd_tls.o)
                0x000000000000138c                __aeabi_ldiv0
                0x000000000000138c                __aeabi_idiv0

.glue_7         0x0000000000001390        0x0
 .glue_7        0x0000000000001390        0x0 linker stubs

.glue_7t        0x0000000000001390        0x0
 .glue_7t       0x0000000000001390        0x0 linker stubs

.vfp11_veneer   0x0000000000001390        0x0
 .vfp11_veneer  0x0000000000001390        0x0 linker stubs

.v4_bx          0x0000000000001390        0x0
 .v4_bx         0x0000000000001390        0x0 linker stubs

.iplt           0x0000000000001390        0x0
 .iplt          0x0000000000001390        0x0 build/Entry.os

.rel.dyn        0x0000000000001390        0x0
 .rel.iplt      0x0000000000001390        0x0 build/Entry.os

.data           0x0000000000001390       0x10
 *(.data)
 .data          0x0000000000001390        0x0 build/Entry.os
 .data          0x0000000000001390        0x0 build/Handler.o
 .data          0x0000000000001390        0x0 build/main.o
 .data          0x0000000000001390        0x0 build/Interrupt.o
 .data          0x0000000000001390       0x10 build/Regs.o
                0x0000000000001390                Uart
                0x0000000000001394                GicCpu
                0x0000000000001398                GicDist
                0x000000000000139c                Timer
 .data          0x00000000000013a0        0x0 build/Timer.o
 .data          0x00000000000013a0        0x0 build/Uart.o
 .data          0x00000000000013a0        0x0 build/armcpu.o
 .data          0x00000000000013a0        0x0 build/stdio.o
 .data          0x00000000000013a0        0x0 build/stdlib.o
 .data          0x00000000000013a0        0x0 build/task.o
 .data          0x00000000000013a0        0x0 /usr/lib/gcc/arm-none-eabi/10.3.1/libgcc.a(_udivsi3.o)
 .data          0x00000000000013a0        0x0 /usr/lib/gcc/arm-none-eabi/10.3.1/libgcc.a(_dvmd_tls.o)

.igot.plt       0x00000000000013a0        0x0
 .igot.plt      0x00000000000013a0        0x0 build/Entry.os

.bss            0x00000000000013a0     0x1a04
 *(.bss)
 .bss           0x00000000000013a0        0x0 build/Entry.os
 .bss           0x00000000000013a0        0x0 build/Handler.o
 .bss           0x00000000000013a0        0x0 build/main.o
 .bss           0x00000000000013a0      0x3fc build/Interrupt.o
 .bss           0x000000000000179c        0x0 build/Regs.o
 .bss           0x000000000000179c        0x4 build/Timer.o
 .bss           0x00000000000017a0        0x0 build/Uart.o
 .bss           0x00000000000017a0        0x0 build/armcpu.o
 .bss           0x00000000000017a0      0x400 build/stdio.o
 .bss           0x0000000000001ba0        0x0 build/stdlib.o
 .bss           0x0000000000001ba0     0x1204 build/task.o
 .bss           0x0000000000002da4        0x0 /usr/lib/gcc/arm-none-eabi/10.3.1/libgcc.a(_udivsi3.o)
 .bss           0x0000000000002da4        0x0 /usr/lib/gcc/arm-none-eabi/10.3.1/libgcc.a(_dvmd_tls.o)
OUTPUT(build/navilos.axf elf32-littlearm)
LOAD linker stubs

.ARM.attributes
                0x0000000000000000       0x2b
 .ARM.attributes
                0x0000000000000000       0x1d build/Entry.os
 .ARM.attributes
                0x000000000000001d       0x2f build/Handler.o
 .ARM.attributes
                0x000000000000004c       0x2f build/main.o
 .ARM.attributes
                0x000000000000007b       0x2f build/Interrupt.o
 .ARM.attributes
                0x00000000000000aa       0x2f build/Regs.o
 .ARM.attributes
                0x00000000000000d9       0x2f build/Timer.o
 .ARM.attributes
                0x0000000000000108       0x2f build/Uart.o
 .ARM.attributes
                0x0000000000000137       0x2f build/armcpu.o
 .ARM.attributes
                0x0000000000000166       0x2f build/stdio.o
 .ARM.attributes
                0x0000000000000195       0x2f build/stdlib.o
 .ARM.attributes
                0x00000000000001c4       0x2f build/task.o
 .ARM.attributes
                0x00000000000001f3       0x1c /usr/lib/gcc/arm-none-eabi/10.3.1/libgcc.a(_udivsi3.o)
 .ARM.attributes
                0x000000000000020f       0x1c /usr/lib/gcc/arm-none-eabi/10.3.1/libgcc.a(_dvmd_tls.o)

.comment        0x0000000000000000       0x33
 .comment       0x0000000000000000       0x33 build/Handler.o
                                         0x34 (size before relaxing)
 .comment       0x0000000000000033       0x34 build/main.o
 .comment       0x0000000000000033       0x34 build/Interrupt.o
 .comment       0x0000000000000033       0x34 build/Regs.o
 .comment       0x0000000000000033       0x34 build/Timer.o
 .comment       0x0000000000000033       0x34 build/Uart.o
 .comment       0x0000000000000033       0x34 build/armcpu.o
 .comment       0x0000000000000033       0x34 build/stdio.o
 .comment       0x0000000000000033       0x34 build/stdlib.o
 .comment       0x0000000000000033       0x34 build/task.o

.debug_line     0x0000000000000000      0x8ee
 .debug_line    0x0000000000000000       0x6d build/Entry.os
 .debug_line    0x000000000000006d       0x4c build/Handler.o
 .debug_line    0x00000000000000b9       0xfb build/main.o
 .debug_line    0x00000000000001b4      0x11e build/Interrupt.o
 .debug_line    0x00000000000002d2       0x68 build/Regs.o
 .debug_line    0x000000000000033a       0xdc build/Timer.o
 .debug_line    0x0000000000000416       0xe7 build/Uart.o
 .debug_line    0x00000000000004fd       0x67 build/armcpu.o
 .debug_line    0x0000000000000564      0x17f build/stdio.o
 .debug_line    0x00000000000006e3       0x6a build/stdlib.o
 .debug_line    0x000000000000074d       0xd6 build/task.o
 .debug_line    0x0000000000000823       0x74 /usr/lib/gcc/arm-none-eabi/10.3.1/libgcc.a(_udivsi3.o)
 .debug_line    0x0000000000000897       0x57 /usr/lib/gcc/arm-none-eabi/10.3.1/libgcc.a(_dvmd_tls.o)

.debug_info     0x0000000000000000     0x2f68
 .debug_info    0x0000000000000000       0x26 build/Entry.os
 .debug_info    0x0000000000000026       0x82 build/Handler.o
 .debug_info    0x00000000000000a8      0x191 build/main.o
 .debug_info    0x0000000000000239      0x698 build/Interrupt.o
 .debug_info    0x00000000000008d1     0x124d build/Regs.o
 .debug_info    0x0000000000001b1e      0x2c6 build/Timer.o
 .debug_info    0x0000000000001de4      0xbcc build/Uart.o
 .debug_info    0x00000000000029b0       0x6e build/armcpu.o
 .debug_info    0x0000000000002a1e      0x2c3 build/stdio.o
 .debug_info    0x0000000000002ce1       0x9a build/stdlib.o
 .debug_info    0x0000000000002d7b      0x1a1 build/task.o
 .debug_info    0x0000000000002f1c       0x26 /usr/lib/gcc/arm-none-eabi/10.3.1/libgcc.a(_udivsi3.o)
 .debug_info    0x0000000000002f42       0x26 /usr/lib/gcc/arm-none-eabi/10.3.1/libgcc.a(_dvmd_tls.o)

.debug_abbrev   0x0000000000000000      0x9c8
 .debug_abbrev  0x0000000000000000       0x14 build/Entry.os
 .debug_abbrev  0x0000000000000014       0x5e build/Handler.o
 .debug_abbrev  0x0000000000000072       0xd3 build/main.o
 .debug_abbrev  0x0000000000000145      0x19c build/Interrupt.o
 .debug_abbrev  0x00000000000002e1      0x11a build/Regs.o
 .debug_abbrev  0x00000000000003fb      0x132 build/Timer.o
 .debug_abbrev  0x000000000000052d      0x19d build/Uart.o
 .debug_abbrev  0x00000000000006ca       0x2e build/armcpu.o
 .debug_abbrev  0x00000000000006f8      0x131 build/stdio.o
 .debug_abbrev  0x0000000000000829       0x75 build/stdlib.o
 .debug_abbrev  0x000000000000089e      0x102 build/task.o
 .debug_abbrev  0x00000000000009a0       0x14 /usr/lib/gcc/arm-none-eabi/10.3.1/libgcc.a(_udivsi3.o)
 .debug_abbrev  0x00000000000009b4       0x14 /usr/lib/gcc/arm-none-eabi/10.3.1/libgcc.a(_dvmd_tls.o)

.debug_aranges  0x0000000000000000      0x198
 .debug_aranges
                0x0000000000000000       0x20 build/Entry.os
 .debug_aranges
                0x0000000000000020       0x20 build/Handler.o
 .debug_aranges
                0x0000000000000040       0x20 build/main.o
 .debug_aranges
                0x0000000000000060       0x20 build/Interrupt.o
 .debug_aranges
                0x0000000000000080       0x18 build/Regs.o
 .debug_aranges
                0x0000000000000098       0x20 build/Timer.o
 .debug_aranges
                0x00000000000000b8       0x20 build/Uart.o
 .debug_aranges
                0x00000000000000d8       0x20 build/armcpu.o
 .debug_aranges
                0x00000000000000f8       0x20 build/stdio.o
 .debug_aranges
                0x0000000000000118       0x20 build/stdlib.o
 .debug_aranges
                0x0000000000000138       0x20 build/task.o
 .debug_aranges
                0x0000000000000158       0x20 /usr/lib/gcc/arm-none-eabi/10.3.1/libgcc.a(_udivsi3.o)
 .debug_aranges
                0x0000000000000178       0x20 /usr/lib/gcc/arm-none-eabi/10.3.1/libgcc.a(_dvmd_tls.o)

.debug_str      0x0000000000000000      0xb29
 .debug_str     0x0000000000000000       0x35 build/Entry.os
 .debug_str     0x0000000000000035       0xdb build/Handler.o
                                        0x110 (size before relaxing)
 .debug_str     0x0000000000000110      0x100 build/main.o
                                        0x18a (size before relaxing)
 .debug_str     0x0000000000000210      0x2b3 build/Interrupt.o
                                        0x3c0 (size before relaxing)
 .debug_str     0x00000000000004c3      0x3b4 build/Regs.o
                                        0x6a5 (size before relaxing)
 .debug_str     0x0000000000000877       0x6a build/Timer.o
                                        0x252 (size before relaxing)
 .debug_str     0x00000000000008e1       0x4f build/Uart.o
                                        0x445 (size before relaxing)
 .debug_str     0x0000000000000930       0x3b build/armcpu.o
                                         0xbb (size before relaxing)
 .debug_str     0x000000000000096b       0x7c build/stdio.o
                                        0x194 (size before relaxing)
 .debug_str     0x00000000000009e7       0x18 build/stdlib.o
                                        0x10a (size before relaxing)
 .debug_str     0x00000000000009ff       0x9d build/task.o
                                        0x1a9 (size before relaxing)
 .debug_str     0x0000000000000a9c       0x8d /usr/lib/gcc/arm-none-eabi/10.3.1/libgcc.a(_udivsi3.o)
 .debug_str     0x0000000000000b29       0x8d /usr/lib/gcc/arm-none-eabi/10.3.1/libgcc.a(_dvmd_tls.o)

.debug_frame    0x0000000000000000      0x4d4
 .debug_frame   0x0000000000000000       0x50 build/Handler.o
 .debug_frame   0x0000000000000050       0xfc build/main.o
 .debug_frame   0x000000000000014c       0xb0 build/Interrupt.o
 .debug_frame   0x00000000000001fc       0x70 build/Timer.o
 .debug_frame   0x000000000000026c       0x8c build/Uart.o
 .debug_frame   0x00000000000002f8       0x90 build/armcpu.o
 .debug_frame   0x0000000000000388       0xac build/stdio.o
 .debug_frame   0x0000000000000434       0x30 build/stdlib.o
 .debug_frame   0x0000000000000464       0x50 build/task.o
 .debug_frame   0x00000000000004b4       0x20 /usr/lib/gcc/arm-none-eabi/10.3.1/libgcc.a(_udivsi3.o)
