Archive member included to satisfy reference by file (symbol)

/usr/lib/gcc/arm-none-eabi/10.3.1/libgcc.a(_udivsi3.o)
                              build/stdio.o (__aeabi_uidiv)
/usr/lib/gcc/arm-none-eabi/10.3.1/libgcc.a(_dvmd_tls.o)
                              /usr/lib/gcc/arm-none-eabi/10.3.1/libgcc.a(_udivsi3.o) (__aeabi_idiv0)

Memory Configuration

Name             Origin             Length             Attributes
*default*        0x0000000000000000 0xffffffffffffffff

Linker script and memory map

LOAD build/Entry.os
LOAD build/Handler.o
LOAD build/main.o
LOAD build/Interrupt.o
LOAD build/Regs.o
LOAD build/Timer.o
LOAD build/Uart.o
LOAD build/armcpu.o
LOAD build/stdio.o
LOAD build/stdlib.o
LOAD build/Kernel.o
LOAD build/task.o
LOAD /usr/lib/gcc/arm-none-eabi/10.3.1/libgcc.a
                0x0000000000000000                . = 0x0

.text           0x0000000000000000     0x1568
 *(vector_start)
 *(.text .rodata)
 .text          0x0000000000000000       0xd4 build/Entry.os
                0x0000000000000000                vector_start
                0x000000000000003c                vector_end
 .text          0x00000000000000d4       0x24 build/Handler.o
                0x00000000000000d4                Irq_Handler
                0x00000000000000f0                Fiq_Handler
 .text          0x00000000000000f8      0x2c4 build/main.o
                0x00000000000000f8                main
                0x000000000000032c                User_task0
                0x000000000000035c                User_task1
                0x000000000000038c                User_task2
 .rodata        0x00000000000003bc      0x14e build/main.o
 *fill*         0x000000000000050a        0x2 
 .text          0x000000000000050c      0x2f8 build/Interrupt.o
                0x000000000000050c                Hal_interrupt_init
                0x00000000000005a8                Hal_interrupt_enable
                0x0000000000000674                Hal_interrupt_disable
                0x0000000000000748                Hal_interrupt_register_handler
                0x0000000000000780                Hal_interrupt_run_handler
 .text          0x0000000000000804        0x0 build/Regs.o
 .text          0x0000000000000804      0x210 build/Timer.o
                0x0000000000000804                Hal_timer_init
                0x00000000000009a8                Hal_timer_get_1ms_counter
 .text          0x0000000000000a14      0x1b4 build/Uart.o
                0x0000000000000a14                Hal_uart_init
                0x0000000000000ab4                Hal_uart_put_char
                0x0000000000000b10                Hal_uart_get_char
 .text          0x0000000000000bc8       0xb0 build/armcpu.o
                0x0000000000000bc8                enable_irq
                0x0000000000000bf4                enable_fiq
                0x0000000000000c20                disable_irq
                0x0000000000000c4c                disable_fiq
 .text          0x0000000000000c78      0x454 build/stdio.o
                0x0000000000000c78                putstr
                0x0000000000000cd8                debug_printf
                0x0000000000000d28                vsprintf
                0x0000000000000fa8                utoa
 .rodata        0x00000000000010cc        0x7 build/stdio.o
 *fill*         0x00000000000010d3        0x1 
 .text          0x00000000000010d4       0x4c build/stdlib.o
                0x00000000000010d4                delay
 .text          0x0000000000001120       0x28 build/Kernel.o
                0x0000000000001120                Kernel_start
                0x0000000000001134                Kernel_yield
 .text          0x0000000000001148      0x308 build/task.o
                0x0000000000001148                Kernel_task_init
                0x0000000000001254                Kernel_task_start
                0x0000000000001290                Kernel_task_create
                0x0000000000001324                Kernel_task_scheduler
                0x000000000000137c                Kernel_task_context_switching
 .text          0x0000000000001450      0x114 /usr/lib/gcc/arm-none-eabi/10.3.1/libgcc.a(_udivsi3.o)
                0x0000000000001450                __udivsi3
                0x0000000000001450                __aeabi_uidiv
                0x0000000000001544                __aeabi_uidivmod
 .text          0x0000000000001564        0x4 /usr/lib/gcc/arm-none-eabi/10.3.1/libgcc.a(_dvmd_tls.o)
                0x0000000000001564                __aeabi_ldiv0
                0x0000000000001564                __aeabi_idiv0

.glue_7         0x0000000000001568        0x0
 .glue_7        0x0000000000001568        0x0 linker stubs

.glue_7t        0x0000000000001568        0x0
 .glue_7t       0x0000000000001568        0x0 linker stubs

.vfp11_veneer   0x0000000000001568        0x0
 .vfp11_veneer  0x0000000000001568        0x0 linker stubs

.v4_bx          0x0000000000001568        0x0
 .v4_bx         0x0000000000001568        0x0 linker stubs

.iplt           0x0000000000001568        0x0
 .iplt          0x0000000000001568        0x0 build/Entry.os

.rel.dyn        0x0000000000001568        0x0
 .rel.iplt      0x0000000000001568        0x0 build/Entry.os

.data           0x0000000000001568       0x10
 *(.data)
 .data          0x0000000000001568        0x0 build/Entry.os
 .data          0x0000000000001568        0x0 build/Handler.o
 .data          0x0000000000001568        0x0 build/main.o
 .data          0x0000000000001568        0x0 build/Interrupt.o
 .data          0x0000000000001568       0x10 build/Regs.o
                0x0000000000001568                Uart
                0x000000000000156c                GicCpu
                0x0000000000001570                GicDist
                0x0000000000001574                Timer
 .data          0x0000000000001578        0x0 build/Timer.o
 .data          0x0000000000001578        0x0 build/Uart.o
 .data          0x0000000000001578        0x0 build/armcpu.o
 .data          0x0000000000001578        0x0 build/stdio.o
 .data          0x0000000000001578        0x0 build/stdlib.o
 .data          0x0000000000001578        0x0 build/Kernel.o
 .data          0x0000000000001578        0x0 build/task.o
 .data          0x0000000000001578        0x0 /usr/lib/gcc/arm-none-eabi/10.3.1/libgcc.a(_udivsi3.o)
 .data          0x0000000000001578        0x0 /usr/lib/gcc/arm-none-eabi/10.3.1/libgcc.a(_dvmd_tls.o)

.igot.plt       0x0000000000001578        0x0
 .igot.plt      0x0000000000001578        0x0 build/Entry.os

.bss            0x0000000000001578      0xa10
 *(.bss)
 .bss           0x0000000000001578        0x0 build/Entry.os
 .bss           0x0000000000001578        0x0 build/Handler.o
 .bss           0x0000000000001578        0x0 build/main.o
 .bss           0x0000000000001578      0x3fc build/Interrupt.o
 .bss           0x0000000000001974        0x0 build/Regs.o
 .bss           0x0000000000001974        0x4 build/Timer.o
 .bss           0x0000000000001978        0x0 build/Uart.o
 .bss           0x0000000000001978        0x0 build/armcpu.o
 .bss           0x0000000000001978      0x400 build/stdio.o
 .bss           0x0000000000001d78        0x0 build/stdlib.o
 .bss           0x0000000000001d78        0x0 build/Kernel.o
 .bss           0x0000000000001d78      0x210 build/task.o
 .bss           0x0000000000001f88        0x0 /usr/lib/gcc/arm-none-eabi/10.3.1/libgcc.a(_udivsi3.o)
 .bss           0x0000000000001f88        0x0 /usr/lib/gcc/arm-none-eabi/10.3.1/libgcc.a(_dvmd_tls.o)
OUTPUT(build/navilos.axf elf32-littlearm)
LOAD linker stubs

.ARM.attributes
                0x0000000000000000       0x2b
 .ARM.attributes
                0x0000000000000000       0x1d build/Entry.os
 .ARM.attributes
                0x000000000000001d       0x2f build/Handler.o
 .ARM.attributes
                0x000000000000004c       0x2f build/main.o
 .ARM.attributes
                0x000000000000007b       0x2f build/Interrupt.o
 .ARM.attributes
                0x00000000000000aa       0x2f build/Regs.o
 .ARM.attributes
                0x00000000000000d9       0x2f build/Timer.o
 .ARM.attributes
                0x0000000000000108       0x2f build/Uart.o
 .ARM.attributes
                0x0000000000000137       0x2f build/armcpu.o
 .ARM.attributes
                0x0000000000000166       0x2f build/stdio.o
 .ARM.attributes
                0x0000000000000195       0x2f build/stdlib.o
 .ARM.attributes
                0x00000000000001c4       0x2f build/Kernel.o
 .ARM.attributes
                0x00000000000001f3       0x2f build/task.o
 .ARM.attributes
                0x0000000000000222       0x1c /usr/lib/gcc/arm-none-eabi/10.3.1/libgcc.a(_udivsi3.o)
 .ARM.attributes
                0x000000000000023e       0x1c /usr/lib/gcc/arm-none-eabi/10.3.1/libgcc.a(_dvmd_tls.o)

.comment        0x0000000000000000       0x33
 .comment       0x0000000000000000       0x33 build/Handler.o
                                         0x34 (size before relaxing)
 .comment       0x0000000000000033       0x34 build/main.o
 .comment       0x0000000000000033       0x34 build/Interrupt.o
 .comment       0x0000000000000033       0x34 build/Regs.o
 .comment       0x0000000000000033       0x34 build/Timer.o
 .comment       0x0000000000000033       0x34 build/Uart.o
 .comment       0x0000000000000033       0x34 build/armcpu.o
 .comment       0x0000000000000033       0x34 build/stdio.o
 .comment       0x0000000000000033       0x34 build/stdlib.o
 .comment       0x0000000000000033       0x34 build/Kernel.o
 .comment       0x0000000000000033       0x34 build/task.o

.debug_line     0x0000000000000000      0x9bc
 .debug_line    0x0000000000000000       0x6d build/Entry.os
 .debug_line    0x000000000000006d       0x4c build/Handler.o
 .debug_line    0x00000000000000b9      0x10a build/main.o
 .debug_line    0x00000000000001c3      0x11e build/Interrupt.o
 .debug_line    0x00000000000002e1       0x68 build/Regs.o
 .debug_line    0x0000000000000349       0xdc build/Timer.o
 .debug_line    0x0000000000000425       0xe7 build/Uart.o
 .debug_line    0x000000000000050c       0x67 build/armcpu.o
 .debug_line    0x0000000000000573      0x17f build/stdio.o
 .debug_line    0x00000000000006f2       0x6a build/stdlib.o
 .debug_line    0x000000000000075c       0x4e build/Kernel.o
 .debug_line    0x00000000000007aa      0x147 build/task.o
 .debug_line    0x00000000000008f1       0x74 /usr/lib/gcc/arm-none-eabi/10.3.1/libgcc.a(_udivsi3.o)
 .debug_line    0x0000000000000965       0x57 /usr/lib/gcc/arm-none-eabi/10.3.1/libgcc.a(_dvmd_tls.o)

.debug_info     0x0000000000000000     0x3115
 .debug_info    0x0000000000000000       0x26 build/Entry.os
 .debug_info    0x0000000000000026       0x82 build/Handler.o
 .debug_info    0x00000000000000a8      0x1cd build/main.o
 .debug_info    0x0000000000000275      0x698 build/Interrupt.o
 .debug_info    0x000000000000090d     0x124d build/Regs.o
 .debug_info    0x0000000000001b5a      0x2c6 build/Timer.o
 .debug_info    0x0000000000001e20      0xbcc build/Uart.o
 .debug_info    0x00000000000029ec       0x6e build/armcpu.o
 .debug_info    0x0000000000002a5a      0x2c3 build/stdio.o
 .debug_info    0x0000000000002d1d       0x9a build/stdlib.o
 .debug_info    0x0000000000002db7       0x82 build/Kernel.o
 .debug_info    0x0000000000002e39      0x290 build/task.o
 .debug_info    0x00000000000030c9       0x26 /usr/lib/gcc/arm-none-eabi/10.3.1/libgcc.a(_udivsi3.o)
 .debug_info    0x00000000000030ef       0x26 /usr/lib/gcc/arm-none-eabi/10.3.1/libgcc.a(_dvmd_tls.o)

.debug_abbrev   0x0000000000000000      0xa74
 .debug_abbrev  0x0000000000000000       0x14 build/Entry.os
 .debug_abbrev  0x0000000000000014       0x5e build/Handler.o
 .debug_abbrev  0x0000000000000072       0xd5 build/main.o
 .debug_abbrev  0x0000000000000147      0x19c build/Interrupt.o
 .debug_abbrev  0x00000000000002e3      0x11a build/Regs.o
 .debug_abbrev  0x00000000000003fd      0x132 build/Timer.o
 .debug_abbrev  0x000000000000052f      0x19d build/Uart.o
 .debug_abbrev  0x00000000000006cc       0x2e build/armcpu.o
 .debug_abbrev  0x00000000000006fa      0x131 build/stdio.o
 .debug_abbrev  0x000000000000082b       0x75 build/stdlib.o
 .debug_abbrev  0x00000000000008a0       0x44 build/Kernel.o
 .debug_abbrev  0x00000000000008e4      0x168 build/task.o
 .debug_abbrev  0x0000000000000a4c       0x14 /usr/lib/gcc/arm-none-eabi/10.3.1/libgcc.a(_udivsi3.o)
 .debug_abbrev  0x0000000000000a60       0x14 /usr/lib/gcc/arm-none-eabi/10.3.1/libgcc.a(_dvmd_tls.o)

.debug_aranges  0x0000000000000000      0x1b8
 .debug_aranges
                0x0000000000000000       0x20 build/Entry.os
 .debug_aranges
                0x0000000000000020       0x20 build/Handler.o
 .debug_aranges
                0x0000000000000040       0x20 build/main.o
 .debug_aranges
                0x0000000000000060       0x20 build/Interrupt.o
 .debug_aranges
                0x0000000000000080       0x18 build/Regs.o
 .debug_aranges
                0x0000000000000098       0x20 build/Timer.o
 .debug_aranges
                0x00000000000000b8       0x20 build/Uart.o
 .debug_aranges
                0x00000000000000d8       0x20 build/armcpu.o
 .debug_aranges
                0x00000000000000f8       0x20 build/stdio.o
 .debug_aranges
                0x0000000000000118       0x20 build/stdlib.o
 .debug_aranges
                0x0000000000000138       0x20 build/Kernel.o
 .debug_aranges
                0x0000000000000158       0x20 build/task.o
 .debug_aranges
                0x0000000000000178       0x20 /usr/lib/gcc/arm-none-eabi/10.3.1/libgcc.a(_udivsi3.o)
 .debug_aranges
                0x0000000000000198       0x20 /usr/lib/gcc/arm-none-eabi/10.3.1/libgcc.a(_dvmd_tls.o)

.debug_str      0x0000000000000000      0xc1d
 .debug_str     0x0000000000000000       0x35 build/Entry.os
 .debug_str     0x0000000000000035       0xdb build/Handler.o
                                        0x110 (size before relaxing)
 .debug_str     0x0000000000000110      0x106 build/main.o
                                        0x190 (size before relaxing)
 .debug_str     0x0000000000000216      0x2b3 build/Interrupt.o
                                        0x3c0 (size before relaxing)
 .debug_str     0x00000000000004c9      0x3b4 build/Regs.o
                                        0x6a5 (size before relaxing)
 .debug_str     0x000000000000087d       0x6a build/Timer.o
                                        0x252 (size before relaxing)
 .debug_str     0x00000000000008e7       0x4f build/Uart.o
                                        0x445 (size before relaxing)
 .debug_str     0x0000000000000936       0x3b build/armcpu.o
                                         0xbb (size before relaxing)
 .debug_str     0x0000000000000971       0x7c build/stdio.o
                                        0x194 (size before relaxing)
 .debug_str     0x00000000000009ed       0x18 build/stdlib.o
                                        0x10a (size before relaxing)
 .debug_str     0x0000000000000a05       0x2a build/Kernel.o
                                        0x125 (size before relaxing)
 .debug_str     0x0000000000000a2f      0x161 build/task.o
                                        0x26d (size before relaxing)
 .debug_str     0x0000000000000b90       0x8d /usr/lib/gcc/arm-none-eabi/10.3.1/libgcc.a(_udivsi3.o)
 .debug_str     0x0000000000000c1d       0x8d /usr/lib/gcc/arm-none-eabi/10.3.1/libgcc.a(_dvmd_tls.o)

.debug_frame    0x0000000000000000      0x5a0
 .debug_frame   0x0000000000000000       0x50 build/Handler.o
 .debug_frame   0x0000000000000050       0xfc build/main.o
 .debug_frame   0x000000000000014c       0xb0 build/Interrupt.o
 .debug_frame   0x00000000000001fc       0x70 build/Timer.o
 .debug_frame   0x000000000000026c       0x8c build/Uart.o
 .debug_frame   0x00000000000002f8       0x90 build/armcpu.o
 .debug_frame   0x0000000000000388       0xac build/stdio.o
 .debug_frame   0x0000000000000434       0x30 build/stdlib.o
 .debug_frame   0x0000000000000464       0x48 build/Kernel.o
 .debug_frame   0x00000000000004ac       0xd4 build/task.o
 .debug_frame   0x0000000000000580       0x20 /usr/lib/gcc/arm-none-eabi/10.3.1/libgcc.a(_udivsi3.o)
